This is XeTeX, Version 3.141592653-2.6-0.999998 (TeX Live 2026) (preloaded format=xelatex 2026.4.5)  5 APR 2026 22:23
entering extended mode
 restricted \write18 enabled.
 %&-line parsing enabled.
**main.tex
(./main.tex
LaTeX2e <2025-11-01>
L3 programming layer <2026-03-20>
(d:/texlive/2026/texmf-dist/tex/latex/base/article.cls
Document Class: article 2025/01/22 v1.4n Standard LaTeX document class
(d:/texlive/2026/texmf-dist/tex/latex/base/size10.clo
File: size10.clo 2025/01/22 v1.4n Standard LaTeX file (size option)
)
\c@part=\count271
\c@section=\count272
\c@subsection=\count273
\c@subsubsection=\count274
\c@paragraph=\count275
\c@subparagraph=\count276
\c@figure=\count277
\c@table=\count278
\abovecaptionskip=\skip49
\belowcaptionskip=\skip50
\bibindent=\dimen150
)
(d:/texlive/2026/texmf-dist/tex/latex/graphics/graphicx.sty
Package: graphicx 2024/12/31 v1.2e Enhanced LaTeX Graphics (DPC,SPQR)

(d:/texlive/2026/texmf-dist/tex/latex/graphics/keyval.sty
Package: keyval 2022/05/29 v1.15 key=value parser (DPC)
\KV@toks@=\toks17
)
(d:/texlive/2026/texmf-dist/tex/latex/graphics/graphics.sty
Package: graphics 2024/08/06 v1.4g Standard LaTeX Graphics (DPC,SPQR)

(d:/texlive/2026/texmf-dist/tex/latex/graphics/trig.sty
Package: trig 2023/12/02 v1.11 sin cos tan (DPC)
)
(d:/texlive/2026/texmf-dist/tex/latex/graphics-cfg/graphics.cfg
File: graphics.cfg 2016/06/04 v1.11 sample graphics configuration
)
Package graphics Info: Driver file: xetex.def on input line 106.

(d:/texlive/2026/texmf-dist/tex/latex/graphics-def/xetex.def
File: xetex.def 2025/11/01 v5.0p Graphics/color driver for xetex
))
\Gin@req@height=\dimen151
\Gin@req@width=\dimen152
)
(d:/texlive/2026/texmf-dist/tex/latex/listings/listings.sty
\lst@mode=\count279
\lst@gtempboxa=\box53
\lst@token=\toks18
\lst@length=\count280
\lst@currlwidth=\dimen153
\lst@column=\count281
\lst@pos=\count282
\lst@lostspace=\dimen154
\lst@width=\dimen155
\lst@newlines=\count283
\lst@lineno=\count284
\lst@maxwidth=\dimen156

(d:/texlive/2026/texmf-dist/tex/latex/listings/lstpatch.sty
File: lstpatch.sty 2025/11/14 1.11b (Carsten Heinz)
)
(d:/texlive/2026/texmf-dist/tex/latex/listings/lstmisc.sty
File: lstmisc.sty 2025/11/14 1.11b (Carsten Heinz)
\c@lstnumber=\count285
\lst@skipnumbers=\count286
\lst@framebox=\box54
)
(d:/texlive/2026/texmf-dist/tex/latex/listings/listings.cfg
File: listings.cfg 2025/11/14 1.11b listings configuration
))
Package: listings 2025/11/14 1.11b (Carsten Heinz)

==> First Aid for listings.sty no longer applied!
    Expected:
        2024/09/23 1.10c (Carsten Heinz)
    but found:
        2025/11/14 1.11b (Carsten Heinz)
    so I'm assuming it got fixed.
(d:/texlive/2026/texmf-dist/tex/latex/xcolor/xcolor.sty
Package: xcolor 2024/09/29 v3.02 LaTeX color extensions (UK)

(d:/texlive/2026/texmf-dist/tex/latex/graphics-cfg/color.cfg
File: color.cfg 2016/01/02 v1.6 sample color configuration
)
Package xcolor Info: Driver file: xetex.def on input line 274.

(d:/texlive/2026/texmf-dist/tex/latex/graphics/mathcolor.ltx)
Package xcolor Info: Model `cmy' substituted by `cmy0' on input line 1349.
Package xcolor Info: Model `RGB' extended on input line 1365.
Package xcolor Info: Model `HTML' substituted by `rgb' on input line 1367.
Package xcolor Info: Model `Hsb' substituted by `hsb' on input line 1368.
Package xcolor Info: Model `tHsb' substituted by `hsb' on input line 1369.
Package xcolor Info: Model `HSB' substituted by `hsb' on input line 1370.
Package xcolor Info: Model `Gray' substituted by `gray' on input line 1371.
Package xcolor Info: Model `wave' substituted by `hsb' on input line 1372.
)
(d:/texlive/2026/texmf-dist/tex/latex/amsmath/amsmath.sty
Package: amsmath 2025/07/09 v2.17z AMS math features
\@mathmargin=\skip51

For additional information on amsmath, use the `?' option.
(d:/texlive/2026/texmf-dist/tex/latex/amsmath/amstext.sty
Package: amstext 2024/11/17 v2.01 AMS text

(d:/texlive/2026/texmf-dist/tex/latex/amsmath/amsgen.sty
File: amsgen.sty 1999/11/30 v2.0 generic functions
\@emptytoks=\toks19
\ex@=\dimen157
))
(d:/texlive/2026/texmf-dist/tex/latex/amsmath/amsbsy.sty
Package: amsbsy 1999/11/29 v1.2d Bold Symbols
\pmbraise@=\dimen158
)
(d:/texlive/2026/texmf-dist/tex/latex/amsmath/amsopn.sty
Package: amsopn 2022/04/08 v2.04 operator names
)
\inf@bad=\count287
LaTeX Info: Redefining \frac on input line 233.
\uproot@=\count288
\leftroot@=\count289
LaTeX Info: Redefining \overline on input line 398.
LaTeX Info: Redefining \colon on input line 409.
\classnum@=\count290
\DOTSCASE@=\count291
LaTeX Info: Redefining \ldots on input line 495.
LaTeX Info: Redefining \dots on input line 498.
LaTeX Info: Redefining \cdots on input line 619.
\Mathstrutbox@=\box55
\strutbox@=\box56
LaTeX Info: Redefining \big on input line 721.
LaTeX Info: Redefining \Big on input line 722.
LaTeX Info: Redefining \bigg on input line 723.
LaTeX Info: Redefining \Bigg on input line 724.
\big@size=\dimen159
LaTeX Font Info:    Redeclaring font encoding OML on input line 742.
LaTeX Font Info:    Redeclaring font encoding OMS on input line 743.
\macc@depth=\count292
LaTeX Info: Redefining \bmod on input line 904.
LaTeX Info: Redefining \pmod on input line 909.
LaTeX Info: Redefining \smash on input line 939.
LaTeX Info: Redefining \relbar on input line 969.
LaTeX Info: Redefining \Relbar on input line 970.
\c@MaxMatrixCols=\count293
\dotsspace@=\muskip17
\c@parentequation=\count294
\dspbrk@lvl=\count295
\tag@help=\toks20
\row@=\count296
\column@=\count297
\maxfields@=\count298
\andhelp@=\toks21
\eqnshift@=\dimen160
\alignsep@=\dimen161
\tagshift@=\dimen162
\tagwidth@=\dimen163
\totwidth@=\dimen164
\lineht@=\dimen165
\@envbody=\toks22
\multlinegap=\skip52
\multlinetaggap=\skip53
\mathdisplay@stack=\toks23
LaTeX Info: Redefining \[ on input line 2950.
LaTeX Info: Redefining \] on input line 2951.
)
(d:/texlive/2026/texmf-dist/tex/latex/booktabs/booktabs.sty
Package: booktabs 2020/01/12 v1.61803398 Publication quality tables
\heavyrulewidth=\dimen166
\lightrulewidth=\dimen167
\cmidrulewidth=\dimen168
\belowrulesep=\dimen169
\belowbottomsep=\dimen170
\aboverulesep=\dimen171
\abovetopsep=\dimen172
\cmidrulesep=\dimen173
\cmidrulekern=\dimen174
\defaultaddspace=\dimen175
\@cmidla=\count299
\@cmidlb=\count300
\@aboverulesep=\dimen176
\@belowrulesep=\dimen177
\@thisruleclass=\count301
\@lastruleclass=\count302
\@thisrulewidth=\dimen178
)
(d:/texlive/2026/texmf-dist/tex/latex/amsfonts/amssymb.sty
Package: amssymb 2013/01/14 v3.01 AMS font symbols

(d:/texlive/2026/texmf-dist/tex/latex/amsfonts/amsfonts.sty
Package: amsfonts 2013/01/14 v3.01 Basic AMSFonts support
\symAMSa=\mathgroup4
\symAMSb=\mathgroup5
LaTeX Font Info:    Redeclaring math symbol \hbar on input line 98.
LaTeX Font Info:    Overwriting math alphabet `\mathfrak' in version `bold'
(Font)                  U/euf/m/n --> U/euf/b/n on input line 106.
))
(d:/texlive/2026/texmf-dist/tex/latex/listings/lstlang1.sty
File: lstlang1.sty 2025/11/14 1.11b listings language file
)
(d:/texlive/2026/texmf-dist/tex/latex/base/inputenc.sty
Package: inputenc 2024/02/08 v1.3d Input encoding file
\inpenc@prehook=\toks24
\inpenc@posthook=\toks25


Package inputenc Warning: inputenc package ignored with utf8 based engines.

) (d:/texlive/2026/texmf-dist/tex/latex/base/fontenc.sty
Package: fontenc 2025/07/18 v2.1d Standard LaTeX package
LaTeX Font Info:    Trying to load font information for T1+lmr on input line 11
6.

(d:/texlive/2026/texmf-dist/tex/latex/lm/t1lmr.fd
File: t1lmr.fd 2015/05/01 v1.6.1 Font defs for Latin Modern
))
(d:/texlive/2026/texmf-dist/tex/latex/l3backend/l3backend-xetex.def
File: l3backend-xetex.def 2026-02-18 L3 backend support: XeTeX
\g__graphics_track_int=\count303
\g__pdfannot_backend_int=\count304
\g__pdfannot_backend_link_int=\count305
)
(./main.aux

LaTeX Warning: Label `fig:bar_refine' multiply defined.


LaTeX Warning: Label `fig:bar_refine' multiply defined.

)
\openout1 = `main.aux'.

LaTeX Font Info:    Checking defaults for OML/cmm/m/it on input line 34.
LaTeX Font Info:    ... okay on input line 34.
LaTeX Font Info:    Checking defaults for OMS/cmsy/m/n on input line 34.
LaTeX Font Info:    ... okay on input line 34.
LaTeX Font Info:    Checking defaults for OT1/cmr/m/n on input line 34.
LaTeX Font Info:    ... okay on input line 34.
LaTeX Font Info:    Checking defaults for T1/cmr/m/n on input line 34.
LaTeX Font Info:    ... okay on input line 34.
LaTeX Font Info:    Checking defaults for TS1/cmr/m/n on input line 34.
LaTeX Font Info:    ... okay on input line 34.
LaTeX Font Info:    Checking defaults for TU/lmr/m/n on input line 34.
LaTeX Font Info:    ... okay on input line 34.
LaTeX Font Info:    Checking defaults for OMX/cmex/m/n on input line 34.
LaTeX Font Info:    ... okay on input line 34.
LaTeX Font Info:    Checking defaults for U/cmr/m/n on input line 34.
LaTeX Font Info:    ... okay on input line 34.
\c@lstlisting=\count306
LaTeX Font Info:    Trying to load font information for U+msa on input line 37.

 (d:/texlive/2026/texmf-dist/tex/latex/amsfonts/umsa.fd
File: umsa.fd 2013/01/14 v3.01 AMS symbols A
)
LaTeX Font Info:    Trying to load font information for U+msb on input line 37.


(d:/texlive/2026/texmf-dist/tex/latex/amsfonts/umsb.fd
File: umsb.fd 2013/01/14 v3.01 AMS symbols B
)
Overfull \hbox (1.36192pt too wide) in paragraph at lines 41--42
\T1/lmr/bx/n/10 Keywords: \T1/lmr/m/n/10 Multi-scale RNN, Graph-SAGE, In-cre-me
n-tal Train-ing, Rolling Win-
 []

[1

]
Missing character: There is no ’ ("2019) in font ec-lmr10!
Missing character: There is no – ("2013) in font ec-lmr9!
Missing character: There is no – ("2013) in font ec-lmr9!
Missing character: There is no – ("2013) in font ec-lmr9!
[2] (./main.toc [3]
Overfull \hbox (6.50023pt too wide) in paragraph at lines 96--96
 [][] []\T1/lmr/m/n/10 Spatiotemporal Vi-su-al-iza-tion and In-ter-ac-tive Dis-
patch Rec- 
 []

)
\tf@toc=\write3
\openout3 = `main.toc'.

 [4]
Missing character: There is no – ("2013) in font ec-lmr10!
Missing character: There is no – ("2013) in font ec-lmr10!
Missing character: There is no – ("2013) in font ec-lmr10!
Missing character: There is no – ("2013) in font ec-lmr10!
Missing character: There is no – ("2013) in font ec-lmr10!
Missing character: There is no – ("2013) in font ec-lmr10!
Missing character: There is no – ("2013) in font ec-lmr10!
Missing character: There is no – ("2013) in font ec-lmr10!
Missing character: There is no – ("2013) in font ec-lmr10!
Missing character: There is no – ("2013) in font ec-lmr10!
Missing character: There is no — ("2014) in font ec-lmr10!
Missing character: There is no – ("2013) in font ec-lmr10!
Missing character: There is no – ("2013) in font ec-lmr10!

Overfull \hbox (0.8854pt too wide) in paragraph at lines 75--76
\T1/lmr/m/n/10 By em-ploy-ing neigh-bor-hood sam-pling, Graph-SAGE ag-gre-gates
 in-for-ma-tion from
 []

Missing character: There is no — ("2014) in font ec-lmr10!
Missing character: There is no — ("2014) in font ec-lmr10!
Missing character: There is no – ("2013) in font ec-lmr10!
[5]
Missing character: There is no – ("2013) in font ec-lmr10!
Missing character: There is no – ("2013) in font ec-lmr10!
Missing character: There is no – ("2013) in font ec-lmbx10!
Missing character: There is no – ("2013) in font ec-lmbx10!
Missing character: There is no – ("2013) in font ec-lmr10!
[6]
Overfull \hbox (2.6116pt too wide) in paragraph at lines 107--108
\T1/lmr/m/n/10 This study makes sev-eral sig-nif-i-cant con-tri-bu-tions that a
d-vance both the method-
 []

[7]

LaTeX Warning: Citation `faghih_2020_taxi)' on page 8 undefined on input line 1
37.

[8] [9]
Missing character: There is no – ("2013) in font ec-lmr10!
[10]
Missing character: There is no ’ ("2019) in font ec-lmr10!
[11]
Overfull \hbox (0.50017pt too wide) in paragraph at lines 178--178
[]\T1/lmr/bx/n/10 Long Short Term Mem-ory (LSTM) and Gated Re-cur-rent Units
 []


Overfull \hbox (8.11072pt too wide) in paragraph at lines 184--185
 \T1/lmr/bx/n/10 Long Short Term Mem-ory (LSTM)[] \T1/lmr/m/n/10 LSTM net-works
, in-tro-duced by Hochre-
 []

[12]

LaTeX Warning: Citation `ArunKumar et al.' on page 13 undefined on input line 2
43.


LaTeX Warning: Citation `2022' on page 13 undefined on input line 243.

[13]
Missing character: There is no — ("2014) in font ec-lmr10!
[14]
Overfull \hbox (6.43092pt too wide) in paragraph at lines 306--307
\T1/lmr/m/n/10 ar-chi-tec-tures, com-bin-ing the dis-tinct tem-po-ral fea-tures
 ex-tracted by GRU, LSTM,
 []

[15]
Overfull \hbox (10.27759pt too wide) in paragraph at lines 317--318
\T1/lmr/m/n/10 Graph Con-vo-lu-tional Net-works (GCNs), in-tro-duced by Kipf an
d Welling (2016) [[]],
 []

[16]
Missing character: There is no č ("10D) in font ec-lmr10!
Missing character: There is no ć ("107) in font ec-lmr10!
[17]
Missing character: There is no ’ ("2019) in font ec-lmr10!
[18]
Missing character: There is no — ("2014) in font ec-lmr10!
Missing character: There is no — ("2014) in font ec-lmr10!
[19]
Missing character: There is no ’ ("2019) in font ec-lmr10!
[20] [21]
Overfull \hbox (5.0552pt too wide) in paragraph at lines 497--498
[]\T1/lmr/m/n/10 Addressing these iden-ti-fied gaps will ad-vance taxi de-mand 
fore-cast-ing method-
 []

Missing character: There is no — ("2014) in font ec-lmr10!
[22]
Missing character: There is no ’ ("2019) in font ec-lmr10!
[23]
LaTeX Font Info:    Trying to load font information for T1+lmtt on input line 5
24.
 (d:/texlive/2026/texmf-dist/tex/latex/lm/t1lmtt.fd
File: t1lmtt.fd 2015/05/01 v1.6.1 Font defs for Latin Modern
) [24] [25]
Missing character: There is no — ("2014) in font ec-lmr10!
Missing character: There is no — ("2014) in font ec-lmr10!

Overfull \hbox (32.69202pt too wide) detected at line 628
\OML/cmm/m/it/10 h[] \OT1/cmr/m/n/10 = \OML/cmm/m/it/10 W[] [] \OT1/cmr/m/n/10 
+ \OML/cmm/m/it/10 b[];  h[] \OMS/cmsy/m/n/10   []\OT1/cmr/m/n/10 (\OML/cmm/m/i
t/10 h[]\OT1/cmr/m/n/10 )\OML/cmm/m/it/10 ;  h[] \OMS/cmsy/m/n/10   []\OT1/cmr/
m/n/10 (\OML/cmm/m/it/10 h[]\OT1/cmr/m/n/10 )\OML/cmm/m/it/10 :
 []

[26] [27]
Overfull \hbox (115.47025pt too wide) in paragraph at lines 719--720
[]\T1/lmr/m/n/10 The ad-ja-cency ma-trix is pre-com-puted and stored as a CSV f
ile (\T1/lmtt/m/n/10 edge_weight_matrix_with_flow.csv\T1/lmr/m/n/10 ).
 []


Overfull \hbox (18.50856pt too wide) in paragraph at lines 729--729
[]\T1/lmr/bx/n/10 Node Fea-tures: In-te-grat-ing RNN Pre-dic-tions and Vol-ume 
Weights 
 []

[28] [29]
Missing character: There is no — ("2014) in font ec-lmr10!

Overfull \hbox (31.682pt too wide) in paragraph at lines 816--817
[]\T1/lmr/m/n/10 Using the fil-tered \T1/lmtt/m/n/10 window_30d\T1/lmr/m/n/10 ,
 we ag-gre-gate OD flows by group-ing on \T1/lmtt/m/n/10 PULocationID
 []

[30] [31]
Missing character: There is no ’ ("2019) in font ec-lmr10!

Overfull \hbox (13.77646pt too wide) in paragraph at lines 858--859
 \T1/lmr/bx/n/10 Neigh-bor Sam-pling for Scal-a-bil-ity[] \T1/lmr/m/n/10 Graph-
SAGEs in-duc-tive learn-ing paradigm
 []


Overfull \hbox (9.45755pt too wide) in paragraph at lines 882--883
[]\T1/lmr/m/n/10 Re ini-tial-iz-ing the Py-Torch Ge-o-met-ric \T1/lmtt/m/n/10 D
ata \T1/lmr/m/n/10 ob-ject with up-dated \T1/lmtt/m/n/10 edge_index
 []

Missing character: There is no ’ ("2019) in font ec-lmr10!
Missing character: There is no — ("2014) in font ec-lmr10!
[32]
Missing character: There is no – ("2013) in font ec-lmr10!
Missing character: There is no ’ ("2019) in font ec-lmr10!
Missing character: There is no — ("2014) in font ec-lmr10!
Missing character: There is no — ("2014) in font ec-lmr10!
Missing character: There is no ’ ("2019) in font ec-lmr10!
[33]
Missing character: There is no — ("2014) in font ec-lmr10!
Missing character: There is no — ("2014) in font ec-lmr10!
Missing character: There is no ’ ("2019) in font ec-lmr10!

Overfull \hbox (74.6337pt too wide) in paragraph at lines 925--926
\T1/lmr/m/n/10 two layer MLP ag-gre-ga-tion im-ple-mented via \T1/lmtt/m/n/10 t
orch.nn.Linear \T1/lmr/m/n/10 and \T1/lmtt/m/n/10 torch.nn.functional.gelu\T1/l
mr/m/n/10 .
 []

[34]
Overfull \hbox (31.05873pt too wide) in paragraph at lines 945--946
 \T1/lmr/bx/n/10 En-vi-ron-ment and De-pen-dency Man-age-ment[] \T1/lmr/m/n/10 
We main-tain a \T1/lmtt/m/n/10 requirements.txt
 []

(d:/texlive/2026/texmf-dist/tex/latex/listings/lstlang1.sty
File: lstlang1.sty 2025/11/14 1.11b listings language file
)
(d:/texlive/2026/texmf-dist/tex/latex/listings/lstlang1.sty
File: lstlang1.sty 2025/11/14 1.11b listings language file
)
Overfull \hbox (2.93103pt too wide) in paragraph at lines 965--966
 \T1/lmr/bx/n/10 Hard-ware Con-fig-u-ra-tion[] \T1/lmr/m/n/10 All ex-per-i-ment
s are run on a sin-gle server equipped
 []


Overfull \hbox (66.8915pt too wide) in paragraph at lines 975--976
\T1/lmr/m/n/10 mod-els are pinned to the GPU when pos-si-ble. We set \T1/lmtt/m
/n/10 torch.backends.cudnn.benchmark=True
 []


Overfull \hbox (15.83266pt too wide) in paragraph at lines 975--976
\T1/lmr/m/n/10 to op-ti-mize con-vo-lu-tion speed, and \T1/lmtt/m/n/10 torch.ba
ckends.cudnn.deterministic=False
 []

[35]
Missing character: There is no ’ ("2019) in font ec-lmr10!
Missing character: There is no ’ ("2019) in font ec-lmr10!
Missing character: There is no ’ ("2019) in font ec-lmr10!

Overfull \hbox (25.48648pt too wide) in paragraph at lines 1003--1004
 \T1/lmr/bx/n/10 Re-pro-ducibil-ity and Log-ging[] \T1/lmr/m/n/10 Ran-dom seeds
 are fixed (\T1/lmtt/m/n/10 torch.manual_seed(42)\T1/lmr/m/n/10 ,
 []

[36]
Missing character: There is no ’ ("2019) in font ec-lmr10!
[37]
Missing character: There is no ’ ("2019) in font ec-lmr10!

Overfull \hbox (126.57358pt too wide) in paragraph at lines 1089--1090
 \T1/lmr/bx/n/10 Ef-fi-cient At-ten-tion Im-ple-men-ta-tion[] \T1/lmr/m/n/10 On
 com-pat-i-ble GPUs, Py-Torchs \T1/lmtt/m/n/10 scaled_dot_product_attention
 []

[38]
Missing character: There is no ‐ ("2010) in font ec-lmr10!
Missing character: There is no ‐ ("2010) in font ec-lmr10!
Missing character: There is no ‐ ("2010) in font ec-lmr10!
Missing character: There is no ‐ ("2010) in font ec-lmr10!
Missing character: There is no ’ ("2019) in font ec-lmr10!
Missing character: There is no ‐ ("2010) in font ec-lmr10!
Missing character: There is no ‐ ("2010) in font ec-lmr10!
Missing character: There is no ‐ ("2010) in font ec-lmr10!
[39]
Missing character: There is no – ("2013) in font ec-lmr10!
Missing character: There is no – ("2013) in font ec-lmr10!
Missing character: There is no – ("2013) in font ec-lmr10!
Missing character: There is no – ("2013) in font ec-lmr10!
Missing character: There is no – ("2013) in font ec-lmr10!
Missing character: There is no ‐ ("2010) in font ec-lmr10!
Missing character: There is no ‐ ("2010) in font ec-lmr10!
Missing character: There is no – ("2013) in font ec-lmr10!
Missing character: There is no – ("2013) in font ec-lmr10!
[40]
Missing character: There is no — ("2014) in font ec-lmr10!
Missing character: There is no — ("2014) in font ec-lmr10!
Missing character: There is no — ("2014) in font ec-lmr10!
Missing character: There is no — ("2014) in font ec-lmr10!
Missing character: There is no ’ ("2019) in font ec-lmr10!
[41]
Missing character: There is no ’ ("2019) in font ec-lmr10!

Overfull \hbox (3.80353pt too wide) in paragraph at lines 1188--1190
[]\T1/lmr/m/it/10 Issue: \T1/lmr/m/n/10 Train-ing the full MS RNN on multi mont
h
 []

Missing character: There is no — ("2014) in font ec-lmr10!
Missing character: There is no — ("2014) in font ec-lmr10!

Overfull \hbox (50.18314pt too wide) in paragraph at lines 1192--1194
\T1/lmr/m/n/10 loo-ponly once per dayand cached the re-sult-ing \T1/lmtt/m/n/10
 edge_weight_matrix_with_flow.csv\T1/lmr/m/n/10 .
 []

Missing character: There is no ‐ ("2010) in font ec-lmbx10!

Overfull \hbox (0.74535pt too wide) in paragraph at lines 1196--1198
[]\T1/lmr/m/it/10 Issue: \T1/lmr/m/n/10 Oc-ca-sional train-ing runs pro-duced
 []


Overfull \hbox (4.56535pt too wide) in paragraph at lines 1200--1202
[]\T1/lmr/m/it/10 Issue: \T1/lmr/m/n/10 Mul-ti-ple con-trib-u-tors edit-ing the
-
 []

Missing character: There is no ‐ ("2010) in font ec-lmr10!
[42]
Missing character: There is no ’ ("2019) in font ec-lmr10!
Missing character: There is no – ("2013) in font ec-lmr10!
File: line_plot_predictions.png Graphic file (type bmp)
<line_plot_predictions.png>

Overfull \hbox (37.4812pt too wide) in paragraph at lines 1232--1233
 [][] 
 []

[43] [44]
File: scatter_msrnn_vs_gnn.png Graphic file (type bmp)
<scatter_msrnn_vs_gnn.png>
File: bar_refinement_errors.png Graphic file (type bmp)
<bar_refinement_errors.png>
 [45]
Missing character: There is no ’ ("2019) in font ec-lmr10!
[46]
Missing character: There is no – ("2013) in font ec-lmr10!
Missing character: There is no – ("2013) in font ec-lmr10!
Missing character: There is no – ("2013) in font ec-lmr10!
Missing character: There is no – ("2013) in font ec-lmr10!
Missing character: There is no – ("2013) in font ec-lmr10!
[47]
Overfull \hbox (0.4781pt too wide) in paragraph at lines 1369--1371
[]\T1/lmr/bx/n/10 Interactive Dis-patch GUI: \T1/lmr/m/n/10 A PyQt5 ap-pli-ca-t
ion em-beds the live Folium
 []

Missing character: There is no “ ("201C) in font ec-lmr10!
Missing character: There is no ” ("201D) in font ec-lmr10!
File: heatmap1.png Graphic file (type bmp)
<heatmap1.png>
File: dispatch.png Graphic file (type bmp)
<dispatch.png>
[48]
Missing character: There is no ‐ ("2010) in font ec-lmr10!
Missing character: There is no ‐ ("2010) in font ec-lmr10!

Overfull \hbox (4.06708pt too wide) in paragraph at lines 1412--1413
\T1/lmr/m/n/10 These low re-source de-mands en-able de-ploy-ment even on mid ra
nge GPU equipped
 []

Missing character: There is no – ("2013) in font ec-lmr10!
Missing character: There is no – ("2013) in font ec-lmr10!
[49]
Missing character: There is no — ("2014) in font ec-lmr10!
Missing character: There is no – ("2013) in font ec-lmr10!
Missing character: There is no ’ ("2019) in font ec-lmr10!
[50]
Missing character: There is no — ("2014) in font ec-lmr10!
Missing character: There is no ’ ("2019) in font ec-lmr10!
Missing character: There is no ’ ("2019) in font ec-lmr10!
Missing character: There is no ‐ ("2010) in font ec-lmr10!
Missing character: There is no ‐ ("2010) in font ec-lmr10!
Missing character: There is no ‐ ("2010) in font ec-lmr10!
Missing character: There is no — ("2014) in font ec-lmr10!
Missing character: There is no – ("2013) in font ec-lmr10!
[51]
Missing character: There is no — ("2014) in font ec-lmr10!
Missing character: There is no — ("2014) in font ec-lmr10!
Missing character: There is no – ("2013) in font ec-lmr10!
[52]
Overfull \hbox (0.74112pt too wide) in paragraph at lines 1469--1470
[]\T1/lmr/m/n/10 Finer spa-tial gran-u-lar-ity rep-re-sents an-other com-pellin
g di-rec-tion. Taxi zones,
 []

Missing character: There is no — ("2014) in font ec-lmr10!
Missing character: There is no — ("2014) in font ec-lmr10!
[53]
Missing character: There is no — ("2014) in font ec-lmr10!
Missing character: There is no — ("2014) in font ec-lmr10!
Missing character: There is no — ("2014) in font ec-lmr10!
Missing character: There is no — ("2014) in font ec-lmr10!
[54]
Missing character: There is no — ("2014) in font ec-lmr10!
Missing character: There is no — ("2014) in font ec-lmr10!
Missing character: There is no – ("2013) in font ec-lmr10!
[55]
Missing character: There is no — ("2014) in font ec-lmr10!
Missing character: There is no — ("2014) in font ec-lmr10!
Missing character: There is no – ("2013) in font ec-lmr10!
[56]
Missing character: There is no ’ ("2019) in font ec-lmr10!
(./main.bbl
Missing character: There is no – ("2013) in font ec-lmr10!
[57]
Missing character: There is no – ("2013) in font ec-lmr10!
Missing character: There is no – ("2013) in font ec-lmr10!
[58]
Underfull \hbox (badness 2253) in paragraph at lines 109--112
[]\T1/lmr/m/n/10 Benjamin Sanchez-Lengeling, Emily Reif, Adam Pearce, and Alex
 []

Missing character: There is no Ł ("141) in font ec-lmr10!
Missing character: There is no č ("10D) in font ec-lmr10!
Missing character: There is no ć ("107) in font ec-lmr10!

Underfull \hbox (badness 10000) in paragraph at lines 129--133
[]\T1/lmr/m/n/10 Petar Ve-likovi, Guillem Cu-cu-rull, Aran-txa Casanova, Adri-a
na
 []

Missing character: There is no – ("2013) in font ec-lmr10!
) [59]
Missing character: There is no 检 ("68C0) in font ec-lmtt9!
Missing character: There is no 查 ("67E5) in font ec-lmtt9!
Missing character: There is no 是 ("662F) in font ec-lmtt9!
Missing character: There is no 否 ("5426) in font ec-lmtt9!
Missing character: There is no 可 ("53EF) in font ec-lmtt9!
Missing character: There is no 用 ("7528) in font ec-lmtt9!
Missing character: There is no 目 ("76EE) in font ec-lmtt9!
Missing character: There is no 标 ("6807) in font ec-lmtt9!
Missing character: There is no 时 ("65F6) in font ec-lmtt9!
Missing character: There is no 间 ("95F4) in font ec-lmtt9!
Missing character: There is no 点 ("70B9) in font ec-lmtt9!
Missing character: There is no 过 ("8FC7) in font ec-lmtt9!
Missing character: There is no 滤 ("6EE4) in font ec-lmtt9!
Missing character: There is no 指 ("6307) in font ec-lmtt9!
Missing character: There is no 定 ("5B9A) in font ec-lmtt9!
Missing character: There is no 的 ("7684) in font ec-lmtt9!
Missing character: There is no 区 ("533A) in font ec-lmtt9!
Missing character: There is no 域 ("57DF) in font ec-lmtt9!

Overfull \hbox (3.86227pt too wide) in paragraph at lines 1560--1561
[][][][] 
 []


Overfull \hbox (3.86227pt too wide) in paragraph at lines 1562--1564
[][][][] 
 []

[60

]
Missing character: There is no 过 ("8FC7) in font ec-lmtt9!
Missing character: There is no 滤 ("6EE4) in font ec-lmtt9!
Missing character: There is no 指 ("6307) in font ec-lmtt9!
Missing character: There is no 定 ("5B9A) in font ec-lmtt9!
Missing character: There is no 时 ("65F6) in font ec-lmtt9!
Missing character: There is no 间 ("95F4) in font ec-lmtt9!
Missing character: There is no 范 ("8303) in font ec-lmtt9!
Missing character: There is no 围 ("56F4) in font ec-lmtt9!
Missing character: There is no 的 ("7684) in font ec-lmtt9!
Missing character: There is no 数 ("6570) in font ec-lmtt9!
Missing character: There is no 据 ("636E) in font ec-lmtt9!
Missing character: There is no （ ("FF08) in font ec-lmtt9!
Missing character: There is no 不 ("4E0D) in font ec-lmtt9!
Missing character: There is no 包 ("5305) in font ec-lmtt9!
Missing character: There is no 括 ("62EC) in font ec-lmtt9!
Missing character: There is no ） ("FF09) in font ec-lmtt9!
Missing character: There is no 初 ("521D) in font ec-lmtt9!
Missing character: There is no 始 ("59CB) in font ec-lmtt9!
Missing character: There is no 化 ("5316) in font ec-lmtt9!
Missing character: There is no 结 ("7ED3) in font ec-lmtt9!
Missing character: There is no 果 ("679C) in font ec-lmtt9!
Missing character: There is no 列 ("5217) in font ec-lmtt9!
Missing character: There is no 表 ("8868) in font ec-lmtt9!
Missing character: There is no 检 ("68C0) in font ec-lmtt9!
Missing character: There is no 查 ("67E5) in font ec-lmtt9!
Missing character: There is no 过 ("8FC7) in font ec-lmtt9!
Missing character: There is no 滤 ("6EE4) in font ec-lmtt9!
Missing character: There is no 后 ("540E) in font ec-lmtt9!
Missing character: There is no 的 ("7684) in font ec-lmtt9!
Missing character: There is no 数 ("6570) in font ec-lmtt9!
Missing character: There is no 据 ("636E) in font ec-lmtt9!
Missing character: There is no 遍 ("904D) in font ec-lmtt9!
Missing character: There is no 历 ("5386) in font ec-lmtt9!
Missing character: There is no 所 ("6240) in font ec-lmtt9!
Missing character: There is no 有 ("6709) in font ec-lmtt9!
Missing character: There is no 的 ("7684) in font ec-lmtt9!
Missing character: There is no 按 ("6309) in font ec-lmtt9!
Missing character: There is no 小 ("5C0F) in font ec-lmtt9!
Missing character: There is no 时 ("65F6) in font ec-lmtt9!
Missing character: There is no 聚 ("805A) in font ec-lmtt9!
Missing character: There is no 合 ("5408) in font ec-lmtt9!
Missing character: There is no 数 ("6570) in font ec-lmtt9!
Missing character: There is no 据 ("636E) in font ec-lmtt9!
[61]
Missing character: There is no 数 ("6570) in font ec-lmtt9!
Missing character: There is no 据 ("636E) in font ec-lmtt9!
Missing character: There is no 归 ("5F52) in font ec-lmtt9!
Missing character: There is no 一 ("4E00) in font ec-lmtt9!
Missing character: There is no 化 ("5316) in font ec-lmtt9!
Missing character: There is no 计 ("8BA1) in font ec-lmtt9!
Missing character: There is no 算 ("7B97) in font ec-lmtt9!
Missing character: There is no 需 ("9700) in font ec-lmtt9!
Missing character: There is no 要 ("8981) in font ec-lmtt9!
Missing character: There is no 的 ("7684) in font ec-lmtt9!
Missing character: There is no 总 ("603B) in font ec-lmtt9!
Missing character: There is no 长 ("957F) in font ec-lmtt9!
Missing character: There is no 度 ("5EA6) in font ec-lmtt9!
Missing character: There is no 生 ("751F) in font ec-lmtt9!
Missing character: There is no 成 ("6210) in font ec-lmtt9!
Missing character: There is no 完 ("5B8C) in font ec-lmtt9!
Missing character: There is no 整 ("6574) in font ec-lmtt9!
Missing character: There is no 时 ("65F6) in font ec-lmtt9!
Missing character: There is no 间 ("95F4) in font ec-lmtt9!
Missing character: There is no 范 ("8303) in font ec-lmtt9!
Missing character: There is no 围 ("56F4) in font ec-lmtt9!
[62]
Missing character: There is no 找 ("627E) in font ec-lmtt9!
Missing character: There is no 出 ("51FA) in font ec-lmtt9!
Missing character: There is no 缺 ("7F3A) in font ec-lmtt9!
Missing character: There is no 失 ("5931) in font ec-lmtt9!
Missing character: There is no 的 ("7684) in font ec-lmtt9!
Missing character: There is no 时 ("65F6) in font ec-lmtt9!
Missing character: There is no 间 ("95F4) in font ec-lmtt9!
Missing character: There is no 点 ("70B9) in font ec-lmtt9!
Missing character: There is no 打 ("6253) in font ec-lmtt9!
Missing character: There is no 印 ("5370) in font ec-lmtt9!
Missing character: There is no 前 ("524D) in font ec-lmtt9!
Missing character: There is no 几 ("51E0) in font ec-lmtt9!
Missing character: There is no 行 ("884C) in font ec-lmtt9!
Missing character: There is no 数 ("6570) in font ec-lmtt9!
Missing character: There is no 据 ("636E) in font ec-lmtt9!
Missing character: There is no ， ("FF0C) in font ec-lmtt9!
Missing character: There is no 检 ("68C0) in font ec-lmtt9!
Missing character: There is no 查 ("67E5) in font ec-lmtt9!
Missing character: There is no 内 ("5185) in font ec-lmtt9!
Missing character: There is no 容 ("5BB9) in font ec-lmtt9!
Missing character: There is no 填 ("586B) in font ec-lmtt9!
Missing character: There is no 充 ("5145) in font ec-lmtt9!
Missing character: There is no 数 ("6570) in font ec-lmtt9!
Missing character: There is no 据 ("636E) in font ec-lmtt9!
Missing character: There is no 确 ("786E) in font ec-lmtt9!
Missing character: There is no 保 ("4FDD) in font ec-lmtt9!
Missing character: There is no 列 ("5217) in font ec-lmtt9!
Missing character: There is no 名 ("540D) in font ec-lmtt9!
Missing character: There is no 正 ("6B63) in font ec-lmtt9!
Missing character: There is no 确 ("786E) in font ec-lmtt9!
Missing character: There is no 确 ("786E) in font ec-lmtt9!
Missing character: There is no 保 ("4FDD) in font ec-lmtt9!
Missing character: There is no 归 ("5F52) in font ec-lmtt9!
Missing character: There is no 一 ("4E00) in font ec-lmtt9!
Missing character: There is no 化 ("5316) in font ec-lmtt9!
Missing character: There is no 列 ("5217) in font ec-lmtt9!
Missing character: There is no 存 ("5B58) in font ec-lmtt9!
Missing character: There is no 在 ("5728) in font ec-lmtt9!
Missing character: There is no 获 ("83B7) in font ec-lmtt9!
Missing character: There is no 取 ("53D6) in font ec-lmtt9!
Missing character: There is no 不 ("4E0D) in font ec-lmtt9!
Missing character: There is no 同 ("540C) in font ec-lmtt9!
Missing character: There is no 时 ("65F6) in font ec-lmtt9!
Missing character: There is no 间 ("95F4) in font ec-lmtt9!
Missing character: There is no 尺 ("5C3A) in font ec-lmtt9!
Missing character: There is no 度 ("5EA6) in font ec-lmtt9!
Missing character: There is no 的 ("7684) in font ec-lmtt9!
Missing character: There is no 数 ("6570) in font ec-lmtt9!
Missing character: There is no 据 ("636E) in font ec-lmtt9!
Missing character: There is no 小 ("5C0F) in font ec-lmtt9!
Missing character: There is no 时 ("65F6) in font ec-lmtt9!
Missing character: There is no 数 ("6570) in font ec-lmtt9!
Missing character: There is no 据 ("636E) in font ec-lmtt9!
[63]
Missing character: There is no 天 ("5929) in font ec-lmtt9!
Missing character: There is no 数 ("6570) in font ec-lmtt9!
Missing character: There is no 据 ("636E) in font ec-lmtt9!
Missing character: There is no 周 ("5468) in font ec-lmtt9!
Missing character: There is no 数 ("6570) in font ec-lmtt9!
Missing character: There is no 据 ("636E) in font ec-lmtt9!
Missing character: There is no 个 ("4E2A) in font ec-lmtt9!
Missing character: There is no 月 ("6708) in font ec-lmtt9!
Missing character: There is no 数 ("6570) in font ec-lmtt9!
Missing character: There is no 据 ("636E) in font ec-lmtt9!
Missing character: There is no 不 ("4E0D) in font ec-lmtt9!
Missing character: There is no 同 ("540C) in font ec-lmtt9!
Missing character: There is no 时 ("65F6) in font ec-lmtt9!
Missing character: There is no 间 ("95F4) in font ec-lmtt9!
Missing character: There is no 尺 ("5C3A) in font ec-lmtt9!
Missing character: There is no 度 ("5EA6) in font ec-lmtt9!
Missing character: There is no 可 ("53EF) in font ec-lmtt9!
Missing character: There is no 以 ("4EE5) in font ec-lmtt9!
Missing character: There is no 有 ("6709) in font ec-lmtt9!
Missing character: There is no 不 ("4E0D) in font ec-lmtt9!
Missing character: There is no 同 ("540C) in font ec-lmtt9!
Missing character: There is no 的 ("7684) in font ec-lmtt9!
Missing character: There is no 长 ("957F) in font ec-lmtt9!
Missing character: There is no 度 ("5EA6) in font ec-lmtt9!
Missing character: There is no ， ("FF0C) in font ec-lmtt9!
Missing character: There is no 无 ("65E0) in font ec-lmtt9!
Missing character: There is no 需 ("9700) in font ec-lmtt9!
Missing character: There is no 统 ("7EDF) in font ec-lmtt9!
Missing character: There is no 一 ("4E00) in font ec-lmtt9!
Missing character: There is no 目 ("76EE) in font ec-lmtt9!
Missing character: There is no 标 ("6807) in font ec-lmtt9!
Missing character: There is no 值 ("503C) in font ec-lmtt9!
Missing character: There is no （ ("FF08) in font ec-lmtt9!
Missing character: There is no 未 ("672A) in font ec-lmtt9!
Missing character: There is no 来 ("6765) in font ec-lmtt9!
Missing character: There is no 小 ("5C0F) in font ec-lmtt9!
Missing character: There is no 时 ("65F6) in font ec-lmtt9!
Missing character: There is no 预 ("9884) in font ec-lmtt9!
Missing character: There is no 测 ("6D4B) in font ec-lmtt9!
Missing character: There is no ） ("FF09) in font ec-lmtt9!
Missing character: There is no 转 ("8F6C) in font ec-lmtt9!
Missing character: There is no 换 ("6362) in font ec-lmtt9!
Missing character: There is no 为 ("4E3A) in font ec-lmtt9!
Missing character: There is no 数 ("6570) in font ec-lmtt9!
Missing character: There is no 组 ("7EC4) in font ec-lmtt9!
Missing character: There is no 转 ("8F6C) in font ec-lmtt9!
Missing character: There is no 换 ("6362) in font ec-lmtt9!
Missing character: There is no 为 ("4E3A) in font ec-lmtt9!
Missing character: There is no 打 ("6253) in font ec-lmtt9!
Missing character: There is no 包 ("5305) in font ec-lmtt9!
Missing character: There is no 为 ("4E3A) in font ec-lmtt9!
Missing character: There is no 字 ("5B57) in font ec-lmtt9!
Missing character: There is no 典 ("5178) in font ec-lmtt9!
Missing character: There is no ， ("FF0C) in font ec-lmtt9!
Missing character: There is no 方 ("65B9) in font ec-lmtt9!
Missing character: There is no 便 ("4FBF) in font ec-lmtt9!
Missing character: There is no 传 ("4F20) in font ec-lmtt9!
Missing character: There is no 递 ("9012) in font ec-lmtt9!
[64]
Missing character: There is no 模 ("6A21) in font ec-lmtt9!
Missing character: There is no 型 ("578B) in font ec-lmtt9!
Missing character: There is no 定 ("5B9A) in font ec-lmtt9!
Missing character: There is no 义 ("4E49) in font ec-lmtt9!
[65] [66]
Missing character: There is no 模 ("6A21) in font ec-lmtt9!
Missing character: There is no 型 ("578B) in font ec-lmtt9!
Missing character: There is no 定 ("5B9A) in font ec-lmtt9!
Missing character: There is no 义 ("4E49) in font ec-lmtt9!
Missing character: There is no 模 ("6A21) in font ec-lmtt9!
Missing character: There is no 型 ("578B) in font ec-lmtt9!
Missing character: There is no 定 ("5B9A) in font ec-lmtt9!
Missing character: There is no 义 ("4E49) in font ec-lmtt9!
Missing character: There is no 转 ("8F6C) in font ec-lmtt9!
Missing character: There is no 移 ("79FB) in font ec-lmtt9!
Missing character: There is no 模 ("6A21) in font ec-lmtt9!
Missing character: There is no 型 ("578B) in font ec-lmtt9!
Missing character: There is no 到 ("5230) in font ec-lmtt9!
Missing character: There is no 转 ("8F6C) in font ec-lmtt9!
Missing character: There is no 移 ("79FB) in font ec-lmtt9!
Missing character: There is no 数 ("6570) in font ec-lmtt9!
Missing character: There is no 据 ("636E) in font ec-lmtt9!
Missing character: There is no 到 ("5230) in font ec-lmtt9!
Missing character: There is no 变 ("53D8) in font ec-lmtt9!
Missing character: There is no 成 ("6210) in font ec-lmtt9!
Missing character: There is no ， ("FF0C) in font ec-lmtt9!
Missing character: There is no 并 ("5E76) in font ec-lmtt9!
Missing character: There is no 存 ("5B58) in font ec-lmtt9!
Missing character: There is no 入 ("5165) in font ec-lmtt9!
Missing character: There is no 字 ("5B57) in font ec-lmtt9!
Missing character: There is no 典 ("5178) in font ec-lmtt9!
Missing character: There is no 目 ("76EE) in font ec-lmtt9!
Missing character: There is no 标 ("6807) in font ec-lmtt9!
Missing character: There is no 值 ("503C) in font ec-lmtt9!
Missing character: There is no 仍 ("4ECD) in font ec-lmtt9!
Missing character: There is no 然 ("7136) in font ec-lmtt9!
Missing character: There is no 保 ("4FDD) in font ec-lmtt9!
Missing character: There is no 持 ("6301) in font ec-lmtt9!
Missing character: There is no 原 ("539F) in font ec-lmtt9!
Missing character: There is no 格 ("683C) in font ec-lmtt9!
Missing character: There is no 式 ("5F0F) in font ec-lmtt9!
Missing character: There is no 打 ("6253) in font ec-lmtt9!
Missing character: There is no 印 ("5370) in font ec-lmtt9!
Missing character: There is no 检 ("68C0) in font ec-lmtt9!
Missing character: There is no 查 ("67E5) in font ec-lmtt9!
[67]
Missing character: There is no 模 ("6A21) in font ec-lmtt9!
Missing character: There is no 型 ("578B) in font ec-lmtt9!
Missing character: There is no 训 ("8BAD) in font ec-lmtt9!
Missing character: There is no 练 ("7EC3) in font ec-lmtt9!
Missing character: There is no 模 ("6A21) in font ec-lmtt9!
Missing character: There is no 型 ("578B) in font ec-lmtt9!
Missing character: There is no 评 ("8BC4) in font ec-lmtt9!
Missing character: There is no 估 ("4F30) in font ec-lmtt9!
Missing character: There is no 将 ("5C06) in font ec-lmtt9!
Missing character: There is no 预 ("9884) in font ec-lmtt9!
Missing character: There is no 测 ("6D4B) in font ec-lmtt9!
Missing character: There is no 值 ("503C) in font ec-lmtt9!
Missing character: There is no 转 ("8F6C) in font ec-lmtt9!
Missing character: There is no 移 ("79FB) in font ec-lmtt9!
Missing character: There is no 到 ("5230) in font ec-lmtt9!
Missing character: There is no 将 ("5C06) in font ec-lmtt9!
Missing character: There is no 真 ("771F) in font ec-lmtt9!
Missing character: There is no 实 ("5B9E) in font ec-lmtt9!
Missing character: There is no 值 ("503C) in font ec-lmtt9!
Missing character: There is no 转 ("8F6C) in font ec-lmtt9!
Missing character: There is no 移 ("79FB) in font ec-lmtt9!
Missing character: There is no 到 ("5230) in font ec-lmtt9!
Missing character: There is no 逆 ("9006) in font ec-lmtt9!
Missing character: There is no 缩 ("7F29) in font ec-lmtt9!
Missing character: There is no 放 ("653E) in font ec-lmtt9!
Missing character: There is no 保 ("4FDD) in font ec-lmtt9!
Missing character: There is no 存 ("5B58) in font ec-lmtt9!
Missing character: There is no 结 ("7ED3) in font ec-lmtt9!
Missing character: There is no 果 ("679C) in font ec-lmtt9!
[68]
Missing character: There is no 计 ("8BA1) in font ec-lmtt9!
Missing character: There is no 算 ("7B97) in font ec-lmtt9!
Missing character: There is no 全 ("5168) in font ec-lmtt9!
Missing character: There is no 局 ("5C40) in font ec-lmtt9!
Missing character: There is no 平 ("5E73) in font ec-lmtt9!
Missing character: There is no 均 ("5747) in font ec-lmtt9!
Missing character: There is no 和 ("548C) in font ec-lmtt9!
Missing character: There is no 加 ("52A0) in font ec-lmtt9!
Missing character: There is no 载 ("8F7D) in font ec-lmtt9!
Missing character: There is no 结 ("7ED3) in font ec-lmtt9!
Missing character: There is no 果 ("679C) in font ec-lmtt9!
Missing character: There is no 加 ("52A0) in font ec-lmtt9!
Missing character: There is no 载 ("8F7D) in font ec-lmtt9!
Missing character: There is no 以 ("4EE5) in font ec-lmtt9!
Missing character: There is no 映 ("6620) in font ec-lmtt9!
Missing character: There is no 射 ("5C04) in font ec-lmtt9!
Missing character: There is no 名 ("540D) in font ec-lmtt9!
Missing character: There is no 称 ("79F0) in font ec-lmtt9!
Missing character: There is no 将 ("5C06) in font ec-lmtt9!
Missing character: There is no 映 ("6620) in font ec-lmtt9!
Missing character: There is no 射 ("5C04) in font ec-lmtt9!
Missing character: There is no 到 ("5230) in font ec-lmtt9!
Missing character: There is no 名 ("540D) in font ec-lmtt9!
Missing character: There is no 称 ("79F0) in font ec-lmtt9!
Missing character: There is no 按 ("6309) in font ec-lmtt9!
Missing character: There is no 名 ("540D) in font ec-lmtt9!
Missing character: There is no 称 ("79F0) in font ec-lmtt9!
Missing character: There is no 分 ("5206) in font ec-lmtt9!
Missing character: There is no 组 ("7EC4) in font ec-lmtt9!
Missing character: There is no ， ("FF0C) in font ec-lmtt9!
Missing character: There is no 合 ("5408) in font ec-lmtt9!
Missing character: There is no 并 ("5E76) in font ec-lmtt9!
Missing character: There is no 相 ("76F8) in font ec-lmtt9!
Missing character: There is no 同 ("540C) in font ec-lmtt9!
Missing character: There is no 的 ("7684) in font ec-lmtt9!
Missing character: There is no 保 ("4FDD) in font ec-lmtt9!
Missing character: There is no 留 ("7559) in font ec-lmtt9!
Missing character: There is no 第 ("7B2C) in font ec-lmtt9!
Missing character: There is no 一 ("4E00) in font ec-lmtt9!
Missing character: There is no 个 ("4E2A) in font ec-lmtt9!
Missing character: There is no 作 ("4F5C) in font ec-lmtt9!
Missing character: There is no 为 ("4E3A) in font ec-lmtt9!
Missing character: There is no 参 ("53C2) in font ec-lmtt9!
Missing character: There is no 考 ("8003) in font ec-lmtt9!
Missing character: There is no 计 ("8BA1) in font ec-lmtt9!
Missing character: There is no 算 ("7B97) in font ec-lmtt9!
Missing character: There is no 的 ("7684) in font ec-lmtt9!
Missing character: There is no 平 ("5E73) in font ec-lmtt9!
Missing character: There is no 均 ("5747) in font ec-lmtt9!
Missing character: There is no 值 ("503C) in font ec-lmtt9!
Missing character: There is no 计 ("8BA1) in font ec-lmtt9!
Missing character: There is no 算 ("7B97) in font ec-lmtt9!
Missing character: There is no 的 ("7684) in font ec-lmtt9!
Missing character: There is no 平 ("5E73) in font ec-lmtt9!
Missing character: There is no 均 ("5747) in font ec-lmtt9!
Missing character: There is no 值 ("503C) in font ec-lmtt9!
[69]
Missing character: There is no 保 ("4FDD) in font ec-lmtt9!
Missing character: There is no 存 ("5B58) in font ec-lmtt9!
Missing character: There is no 合 ("5408) in font ec-lmtt9!
Missing character: There is no 并 ("5E76) in font ec-lmtt9!
Missing character: There is no 后 ("540E) in font ec-lmtt9!
Missing character: There is no 的 ("7684) in font ec-lmtt9!
Missing character: There is no 结 ("7ED3) in font ec-lmtt9!
Missing character: There is no 果 ("679C) in font ec-lmtt9!
Missing character: There is no 加 ("52A0) in font ec-lmtt9!
Missing character: There is no 载 ("8F7D) in font ec-lmtt9!
Missing character: There is no 初 ("521D) in font ec-lmtt9!
Missing character: There is no 始 ("59CB) in font ec-lmtt9!
Missing character: There is no 邻 ("90BB) in font ec-lmtt9!
Missing character: There is no 接 ("63A5) in font ec-lmtt9!
Missing character: There is no 矩 ("77E9) in font ec-lmtt9!
Missing character: There is no 阵 ("9635) in font ec-lmtt9!
Missing character: There is no 稠 ("7A20) in font ec-lmtt9!
Missing character: There is no 密 ("5BC6) in font ec-lmtt9!
Missing character: There is no 矩 ("77E9) in font ec-lmtt9!
Missing character: There is no 阵 ("9635) in font ec-lmtt9!
[70]
Missing character: There is no 转 ("8F6C) in font ec-lmtt9!
Missing character: There is no 为 ("4E3A) in font ec-lmtt9!
Missing character: There is no 稀 ("7A00) in font ec-lmtt9!
Missing character: There is no 疏 ("758F) in font ec-lmtt9!
Missing character: There is no 图 ("56FE) in font ec-lmtt9!
Missing character: There is no 提 ("63D0) in font ec-lmtt9!
Missing character: There is no 取 ("53D6) in font ec-lmtt9!
Missing character: There is no 区 ("533A) in font ec-lmtt9!
Missing character: There is no 域 ("57DF) in font ec-lmtt9!
Missing character: There is no 名 ("540D) in font ec-lmtt9!
Missing character: There is no 称 ("79F0) in font ec-lmtt9!
Missing character: There is no 和 ("548C) in font ec-lmtt9!
Missing character: There is no 索 ("7D22) in font ec-lmtt9!
Missing character: There is no 引 ("5F15) in font ec-lmtt9!
Missing character: There is no 映 ("6620) in font ec-lmtt9!
Missing character: There is no 射 ("5C04) in font ec-lmtt9!
Missing character: There is no 统 ("7EDF) in font ec-lmtt9!
Missing character: There is no 计 ("8BA1) in font ec-lmtt9!
Missing character: There is no 过 ("8FC7) in font ec-lmtt9!
Missing character: There is no 去 ("53BB) in font ec-lmtt9!
Missing character: There is no 天 ("5929) in font ec-lmtt9!
Missing character: There is no 的 ("7684) in font ec-lmtt9!
Missing character: There is no 总 ("603B) in font ec-lmtt9!
Missing character: There is no 流 ("6D41) in font ec-lmtt9!
Missing character: There is no 量 ("91CF) in font ec-lmtt9!
Missing character: There is no 并 ("5E76) in font ec-lmtt9!
Missing character: There is no 更 ("66F4) in font ec-lmtt9!
Missing character: There is no 新 ("65B0) in font ec-lmtt9!
Missing character: There is no 节 ("8282) in font ec-lmtt9!
Missing character: There is no 点 ("70B9) in font ec-lmtt9!
Missing character: There is no 权 ("6743) in font ec-lmtt9!
Missing character: There is no 重 ("91CD) in font ec-lmtt9!
Missing character: There is no 过 ("8FC7) in font ec-lmtt9!
Missing character: There is no 滤 ("6EE4) in font ec-lmtt9!
Missing character: There is no 过 ("8FC7) in font ec-lmtt9!
Missing character: There is no 去 ("53BB) in font ec-lmtt9!
Missing character: There is no 天 ("5929) in font ec-lmtt9!
Missing character: There is no 的 ("7684) in font ec-lmtt9!
Missing character: There is no 数 ("6570) in font ec-lmtt9!
Missing character: There is no 据 ("636E) in font ec-lmtt9!
Missing character: There is no 筛 ("7B5B) in font ec-lmtt9!
Missing character: There is no 选 ("9009) in font ec-lmtt9!
Missing character: There is no 前 ("524D) in font ec-lmtt9!
Missing character: There is no 一 ("4E00) in font ec-lmtt9!
Missing character: There is no 个 ("4E2A) in font ec-lmtt9!
Missing character: There is no 小 ("5C0F) in font ec-lmtt9!
Missing character: There is no 时 ("65F6) in font ec-lmtt9!
Missing character: There is no 的 ("7684) in font ec-lmtt9!
Missing character: There is no 数 ("6570) in font ec-lmtt9!
Missing character: There is no 据 ("636E) in font ec-lmtt9!
Missing character: There is no ， ("FF0C) in font ec-lmtt9!
Missing character: There is no 统 ("7EDF) in font ec-lmtt9!
Missing character: There is no 计 ("8BA1) in font ec-lmtt9!
Missing character: There is no 前 ("524D) in font ec-lmtt9!
Missing character: There is no 一 ("4E00) in font ec-lmtt9!
Missing character: There is no 个 ("4E2A) in font ec-lmtt9!
Missing character: There is no 小 ("5C0F) in font ec-lmtt9!
Missing character: There is no 时 ("65F6) in font ec-lmtt9!
[71]
Missing character: There is no 统 ("7EDF) in font ec-lmtt9!
Missing character: There is no 计 ("8BA1) in font ec-lmtt9!
Missing character: There is no 每 ("6BCF) in font ec-lmtt9!
Missing character: There is no 个 ("4E2A) in font ec-lmtt9!
Missing character: There is no 区 ("533A) in font ec-lmtt9!
Missing character: There is no 域 ("57DF) in font ec-lmtt9!
Missing character: There is no 的 ("7684) in font ec-lmtt9!
Missing character: There is no 乘 ("4E58) in font ec-lmtt9!
Missing character: There is no 客 ("5BA2) in font ec-lmtt9!
Missing character: There is no 数 ("6570) in font ec-lmtt9!
Missing character: There is no 量 ("91CF) in font ec-lmtt9!
Missing character: There is no 作 ("4F5C) in font ec-lmtt9!
Missing character: There is no 为 ("4E3A) in font ec-lmtt9!
Missing character: There is no 定 ("5B9A) in font ec-lmtt9!
Missing character: There is no 义 ("4E49) in font ec-lmtt9!
Missing character: There is no 到 ("5230) in font ec-lmtt9!
Missing character: There is no 的 ("7684) in font ec-lmtt9!
Missing character: There is no 映 ("6620) in font ec-lmtt9!
Missing character: There is no 射 ("5C04) in font ec-lmtt9!
Missing character: There is no 加 ("52A0) in font ec-lmtt9!
Missing character: There is no 载 ("8F7D) in font ec-lmtt9!
Missing character: There is no 并 ("5E76) in font ec-lmtt9!
Missing character: There is no 建 ("5EFA) in font ec-lmtt9!
Missing character: There is no 立 ("7ACB) in font ec-lmtt9!
Missing character: There is no 到 ("5230) in font ec-lmtt9!
Missing character: There is no 的 ("7684) in font ec-lmtt9!
Missing character: There is no 映 ("6620) in font ec-lmtt9!
Missing character: There is no 射 ("5C04) in font ec-lmtt9!
Missing character: There is no 按 ("6309) in font ec-lmtt9!
Missing character: There is no 统 ("7EDF) in font ec-lmtt9!
Missing character: There is no 计 ("8BA1) in font ec-lmtt9!
Missing character: There is no 过 ("8FC7) in font ec-lmtt9!
Missing character: There is no 去 ("53BB) in font ec-lmtt9!
Missing character: There is no 天 ("5929) in font ec-lmtt9!
Missing character: There is no 的 ("7684) in font ec-lmtt9!
Missing character: There is no 总 ("603B) in font ec-lmtt9!
Missing character: There is no 流 ("6D41) in font ec-lmtt9!
Missing character: There is no 量 ("91CF) in font ec-lmtt9!
Missing character: There is no ， ("FF0C) in font ec-lmtt9!
Missing character: There is no 并 ("5E76) in font ec-lmtt9!
Missing character: There is no 映 ("6620) in font ec-lmtt9!
Missing character: There is no 射 ("5C04) in font ec-lmtt9!
Missing character: There is no 到 ("5230) in font ec-lmtt9!
Missing character: There is no 初 ("521D) in font ec-lmtt9!
Missing character: There is no 始 ("59CB) in font ec-lmtt9!
Missing character: There is no 化 ("5316) in font ec-lmtt9!
Missing character: There is no 节 ("8282) in font ec-lmtt9!
Missing character: There is no 点 ("70B9) in font ec-lmtt9!
Missing character: There is no 权 ("6743) in font ec-lmtt9!
Missing character: There is no 重 ("91CD) in font ec-lmtt9!
Missing character: There is no 矩 ("77E9) in font ec-lmtt9!
Missing character: There is no 阵 ("9635) in font ec-lmtt9!
[72]
Missing character: There is no ⚠ ("26A0) in font ec-lmtt9!
Missing character: There is no ️ ("FE0F) in font ec-lmtt9!
Missing character: There is no 归 ("5F52) in font ec-lmtt9!
Missing character: There is no 一 ("4E00) in font ec-lmtt9!
Missing character: There is no 化 ("5316) in font ec-lmtt9!
Missing character: There is no 节 ("8282) in font ec-lmtt9!
Missing character: There is no 点 ("70B9) in font ec-lmtt9!
Missing character: There is no 权 ("6743) in font ec-lmtt9!
Missing character: There is no 重 ("91CD) in font ec-lmtt9!
Missing character: There is no 到 ("5230) in font ec-lmtt9!
Missing character: There is no 输 ("8F93) in font ec-lmtt9!
Missing character: There is no 出 ("51FA) in font ec-lmtt9!
Missing character: There is no 每 ("6BCF) in font ec-lmtt9!
Missing character: There is no 个 ("4E2A) in font ec-lmtt9!
Missing character: There is no 节 ("8282) in font ec-lmtt9!
Missing character: There is no 点 ("70B9) in font ec-lmtt9!
Missing character: There is no 的 ("7684) in font ec-lmtt9!
Missing character: There is no 权 ("6743) in font ec-lmtt9!
Missing character: There is no 重 ("91CD) in font ec-lmtt9!
Missing character: There is no 读 ("8BFB) in font ec-lmtt9!
Missing character: There is no 取 ("53D6) in font ec-lmtt9!
Missing character: There is no 预 ("9884) in font ec-lmtt9!
Missing character: There is no 测 ("6D4B) in font ec-lmtt9!
Missing character: There is no 数 ("6570) in font ec-lmtt9!
Missing character: There is no 据 ("636E) in font ec-lmtt9!
[73]
Missing character: There is no 检 ("68C0) in font ec-lmtt9!
Missing character: There is no 查 ("67E5) in font ec-lmtt9!
Missing character: There is no 数 ("6570) in font ec-lmtt9!
Missing character: There is no 量 ("91CF) in font ec-lmtt9!
Missing character: There is no 找 ("627E) in font ec-lmtt9!
Missing character: There is no 到 ("5230) in font ec-lmtt9!
Missing character: There is no 非 ("975E) in font ec-lmtt9!
Missing character: There is no 的 ("7684) in font ec-lmtt9!
Missing character: There is no 索 ("7D22) in font ec-lmtt9!
Missing character: There is no 引 ("5F15) in font ec-lmtt9!
Missing character: There is no ⚠ ("26A0) in font ec-lmtt9!
Missing character: There is no ️ ("FE0F) in font ec-lmtt9!
Missing character: There is no 仅 ("4EC5) in font ec-lmtt9!
Missing character: There is no 保 ("4FDD) in font ec-lmtt9!
Missing character: There is no 留 ("7559) in font ec-lmtt9!
Missing character: There is no 有 ("6709) in font ec-lmtt9!
Missing character: There is no 效 ("6548) in font ec-lmtt9!
Missing character: There is no 索 ("7D22) in font ec-lmtt9!
Missing character: There is no 引 ("5F15) in font ec-lmtt9!
Missing character: There is no 数 ("6570) in font ec-lmtt9!
Missing character: There is no 量 ("91CF) in font ec-lmtt9!
Missing character: There is no 重 ("91CD) in font ec-lmtt9!
Missing character: There is no 新 ("65B0) in font ec-lmtt9!
Missing character: There is no 创 ("521B) in font ec-lmtt9!
Missing character: There is no 建 ("5EFA) in font ec-lmtt9!
Missing character: There is no 的 ("7684) in font ec-lmtt9!
Missing character: There is no 映 ("6620) in font ec-lmtt9!
Missing character: There is no 射 ("5C04) in font ec-lmtt9!
Missing character: There is no 仅 ("4EC5) in font ec-lmtt9!
Missing character: There is no 保 ("4FDD) in font ec-lmtt9!
Missing character: There is no 留 ("7559) in font ec-lmtt9!
Missing character: There is no 里 ("91CC) in font ec-lmtt9!
Missing character: There is no 仍 ("4ECD) in font ec-lmtt9!
Missing character: There is no 然 ("7136) in font ec-lmtt9!
Missing character: There is no 存 ("5B58) in font ec-lmtt9!
Missing character: There is no 在 ("5728) in font ec-lmtt9!
Missing character: There is no 于 ("4E8E) in font ec-lmtt9!
Missing character: There is no 的 ("7684) in font ec-lmtt9!
Missing character: There is no 节 ("8282) in font ec-lmtt9!
Missing character: There is no 点 ("70B9) in font ec-lmtt9!
Missing character: There is no 重 ("91CD) in font ec-lmtt9!
Missing character: There is no 新 ("65B0) in font ec-lmtt9!
Missing character: There is no 映 ("6620) in font ec-lmtt9!
Missing character: There is no 射 ("5C04) in font ec-lmtt9!
Missing character: There is no 确 ("786E) in font ec-lmtt9!
Missing character: There is no 保 ("4FDD) in font ec-lmtt9!
Missing character: There is no 索 ("7D22) in font ec-lmtt9!
Missing character: There is no 引 ("5F15) in font ec-lmtt9!
Missing character: There is no 匹 ("5339) in font ec-lmtt9!
Missing character: There is no 配 ("914D) in font ec-lmtt9!
Missing character: There is no 新 ("65B0) in font ec-lmtt9!
Missing character: There is no 数 ("6570) in font ec-lmtt9!
Missing character: There is no 据 ("636E) in font ec-lmtt9!
Missing character: There is no 组 ("7EC4) in font ec-lmtt9!
Missing character: There is no 合 ("5408) in font ec-lmtt9!
Missing character: There is no 和 ("548C) in font ec-lmtt9!
Missing character: There is no ， ("FF0C) in font ec-lmtt9!
Missing character: There is no 形 ("5F62) in font ec-lmtt9!
Missing character: There is no 成 ("6210) in font ec-lmtt9!
Missing character: There is no 维 ("7EF4) in font ec-lmtt9!
Missing character: There is no 特 ("7279) in font ec-lmtt9!
Missing character: There is no 征 ("5F81) in font ec-lmtt9!
[74]
Missing character: There is no 添 ("6DFB) in font ec-lmtt9!
Missing character: There is no 加 ("52A0) in font ec-lmtt9!
Missing character: There is no 防 ("9632) in font ec-lmtt9!
Missing character: There is no 止 ("6B62) in font ec-lmtt9!
Missing character: There is no 过 ("8FC7) in font ec-lmtt9!
Missing character: There is no 拟 ("62DF) in font ec-lmtt9!
Missing character: There is no 合 ("5408) in font ec-lmtt9!
Missing character: There is no 不 ("4E0D) in font ec-lmtt9!
Missing character: There is no 需 ("9700) in font ec-lmtt9!
Missing character: There is no 要 ("8981) in font ec-lmtt9!
Missing character: There is no 训 ("8BAD) in font ec-lmtt9!
Missing character: There is no 练 ("7EC3) in font ec-lmtt9!
Missing character: There is no 模 ("6A21) in font ec-lmtt9!
Missing character: There is no 型 ("578B) in font ec-lmtt9!
Missing character: There is no 定 ("5B9A) in font ec-lmtt9!
Missing character: There is no 义 ("4E49) in font ec-lmtt9!
Missing character: There is no 余 ("4F59) in font ec-lmtt9!
Missing character: There is no 弦 ("5F26) in font ec-lmtt9!
Missing character: There is no 退 ("9000) in font ec-lmtt9!
Missing character: There is no 火 ("706B) in font ec-lmtt9!
Missing character: There is no 策 ("7B56) in font ec-lmtt9!
Missing character: There is no 略 ("7565) in font ec-lmtt9!
[75]
Missing character: There is no 验 ("9A8C) in font ec-lmtt9!
Missing character: There is no 证 ("8BC1) in font ec-lmtt9!
Missing character: There is no 模 ("6A21) in font ec-lmtt9!
Missing character: There is no 型 ("578B) in font ec-lmtt9!
Missing character: There is no 输 ("8F93) in font ec-lmtt9!
Missing character: There is no 出 ("51FA) in font ec-lmtt9!
Missing character: There is no 结 ("7ED3) in font ec-lmtt9!
Missing character: There is no 果 ("679C) in font ec-lmtt9!
Missing character: There is no 确 ("786E) in font ec-lmtt9!
Missing character: There is no 保 ("4FDD) in font ec-lmtt9!
Missing character: There is no 所 ("6240) in font ec-lmtt9!
Missing character: There is no 有 ("6709) in font ec-lmtt9!
Missing character: There is no 数 ("6570) in font ec-lmtt9!
Missing character: There is no 组 ("7EC4) in font ec-lmtt9!
Missing character: There is no 是 ("662F) in font ec-lmtt9!
Missing character: There is no 维 ("7EF4) in font ec-lmtt9!
Missing character: There is no 创 ("521B) in font ec-lmtt9!
Missing character: There is no 建 ("5EFA) in font ec-lmtt9!
[76]
Missing character: There is no 误 ("8BEF) in font ec-lmtt9!
Missing character: There is no 差 ("5DEE) in font ec-lmtt9!
Missing character: There is no 数 ("6570) in font ec-lmtt9!
Missing character: There is no 据 ("636E) in font ec-lmtt9!
Missing character: There is no 绘 ("7ED8) in font ec-lmtt9!
Missing character: There is no 制 ("5236) in font ec-lmtt9!
Missing character: There is no 柱 ("67F1) in font ec-lmtt9!
Missing character: There is no 状 ("72B6) in font ec-lmtt9!
Missing character: There is no 图 ("56FE) in font ec-lmtt9!
Missing character: There is no 添 ("6DFB) in font ec-lmtt9!
Missing character: There is no 加 ("52A0) in font ec-lmtt9!
Missing character: There is no 数 ("6570) in font ec-lmtt9!
Missing character: There is no 值 ("503C) in font ec-lmtt9!
Missing character: There is no 标 ("6807) in font ec-lmtt9!
Missing character: There is no 注 ("6CE8) in font ec-lmtt9!
Missing character: There is no 让 ("8BA9) in font ec-lmtt9!
Missing character: There is no 差 ("5DEE) in font ec-lmtt9!
Missing character: There is no 距 ("8DDD) in font ec-lmtt9!
Missing character: There is no 更 ("66F4) in font ec-lmtt9!
Missing character: There is no 加 ("52A0) in font ec-lmtt9!
Missing character: There is no 明 ("660E) in font ec-lmtt9!
Missing character: There is no 显 ("663E) in font ec-lmtt9!
Missing character: There is no 误 ("8BEF) in font ec-lmtt9!
Missing character: There is no 差 ("5DEE) in font ec-lmtt9!
Missing character: There is no 数 ("6570) in font ec-lmtt9!
Missing character: There is no 据 ("636E) in font ec-lmtt9!
Missing character: There is no 绘 ("7ED8) in font ec-lmtt9!
Missing character: There is no 制 ("5236) in font ec-lmtt9!
Missing character: There is no 柱 ("67F1) in font ec-lmtt9!
Missing character: There is no 状 ("72B6) in font ec-lmtt9!
Missing character: There is no 图 ("56FE) in font ec-lmtt9!
Missing character: There is no 添 ("6DFB) in font ec-lmtt9!
Missing character: There is no 加 ("52A0) in font ec-lmtt9!
Missing character: There is no 数 ("6570) in font ec-lmtt9!
Missing character: There is no 值 ("503C) in font ec-lmtt9!
Missing character: There is no 标 ("6807) in font ec-lmtt9!
Missing character: There is no 注 ("6CE8) in font ec-lmtt9!
[77]
Missing character: There is no – ("2013) in font ec-lmr10!
Missing character: There is no 预 ("9884) in font ec-lmtt9!
Missing character: There is no 加 ("52A0) in font ec-lmtt9!
Missing character: There is no 载 ("8F7D) in font ec-lmtt9!
Missing character: There is no 数 ("6570) in font ec-lmtt9!
Missing character: There is no 据 ("636E) in font ec-lmtt9!
Missing character: There is no 新 ("65B0) in font ec-lmtt9!
Missing character: There is no 增 ("589E) in font ec-lmtt9!
Missing character: There is no 映 ("6620) in font ec-lmtt9!
Missing character: There is no 射 ("5C04) in font ec-lmtt9!
[78]
Missing character: There is no 稠 ("7A20) in font ec-lmtt9!
Missing character: There is no 密 ("5BC6) in font ec-lmtt9!
Missing character: There is no 矩 ("77E9) in font ec-lmtt9!
Missing character: There is no 阵 ("9635) in font ec-lmtt9!
Missing character: There is no 转 ("8F6C) in font ec-lmtt9!
Missing character: There is no 为 ("4E3A) in font ec-lmtt9!
Missing character: There is no 稀 ("7A00) in font ec-lmtt9!
Missing character: There is no 疏 ("758F) in font ec-lmtt9!
Missing character: There is no 图 ("56FE) in font ec-lmtt9!
Missing character: There is no 处 ("5904) in font ec-lmtt9!
Missing character: There is no 理 ("7406) in font ec-lmtt9!
Missing character: There is no 地 ("5730) in font ec-lmtt9!
Missing character: There is no 图 ("56FE) in font ec-lmtt9!
Missing character: There is no 数 ("6570) in font ec-lmtt9!
Missing character: There is no 据 ("636E) in font ec-lmtt9!
Missing character: There is no 创 ("521B) in font ec-lmtt9!
Missing character: There is no 建 ("5EFA) in font ec-lmtt9!
Missing character: There is no 到 ("5230) in font ec-lmtt9!
Missing character: There is no 预 ("9884) in font ec-lmtt9!
Missing character: There is no 测 ("6D4B) in font ec-lmtt9!
Missing character: There is no 值 ("503C) in font ec-lmtt9!
Missing character: There is no 的 ("7684) in font ec-lmtt9!
Missing character: There is no 映 ("6620) in font ec-lmtt9!
Missing character: There is no 射 ("5C04) in font ec-lmtt9!
Missing character: There is no 创 ("521B) in font ec-lmtt9!
Missing character: There is no 建 ("5EFA) in font ec-lmtt9!
Missing character: There is no （ ("FF08) in font ec-lmtt9!
Missing character: There is no 从 ("4ECE) in font ec-lmtt9!
Missing character: There is no 填 ("586B) in font ec-lmtt9!
Missing character: There is no 充 ("5145) in font ec-lmtt9!
Missing character: There is no ） ("FF09) in font ec-lmtt9!
Missing character: There is no � ("FFFD) in font ec-lmtt9!
Missing character: There is no � ("FFFD) in font ec-lmtt9!
Missing character: There is no 确 ("786E) in font ec-lmtt9!
Missing character: There is no 保 ("4FDD) in font ec-lmtt9!
Missing character: There is no 和 ("548C) in font ec-lmtt9!
Missing character: There is no 兼 ("517C) in font ec-lmtt9!
Missing character: There is no 容 ("5BB9) in font ec-lmtt9!
Missing character: There is no ✅ ("2705) in font ec-lmtt9!
Missing character: There is no 调 ("8C03) in font ec-lmtt9!
Missing character: There is no 试 ("8BD5) in font ec-lmtt9!
Missing character: There is no 信 ("4FE1) in font ec-lmtt9!
Missing character: There is no 息 ("606F) in font ec-lmtt9!
Missing character: There is no ， ("FF0C) in font ec-lmtt9!
Missing character: There is no 查 ("67E5) in font ec-lmtt9!
Missing character: There is no 看 ("770B) in font ec-lmtt9!
Missing character: There is no 填 ("586B) in font ec-lmtt9!
Missing character: There is no 充 ("5145) in font ec-lmtt9!
Missing character: There is no 情 ("60C5) in font ec-lmtt9!
Missing character: There is no 况 ("51B5) in font ec-lmtt9!
Missing character: There is no � ("FFFD) in font ec-lmtt9!
Missing character: There is no � ("FFFD) in font ec-lmtt9!
Missing character: There is no 里 ("91CC) in font ec-lmtt9!
Missing character: There is no 的 ("7684) in font ec-lmtt9!
Missing character: There is no 区 ("533A) in font ec-lmtt9!
Missing character: There is no 域 ("57DF) in font ec-lmtt9!
Missing character: There is no 数 ("6570) in font ec-lmtt9!
Missing character: There is no 量 ("91CF) in font ec-lmtt9!
Missing character: There is no 颜 ("989C) in font ec-lmtt9!
Missing character: There is no 色 ("8272) in font ec-lmtt9!
Missing character: There is no 映 ("6620) in font ec-lmtt9!
Missing character: There is no 射 ("5C04) in font ec-lmtt9!
Missing character: There is no 更 ("66F4) in font ec-lmtt9!
Missing character: There is no 新 ("65B0) in font ec-lmtt9!
Missing character: There is no 颜 ("989C) in font ec-lmtt9!
Missing character: There is no 色 ("8272) in font ec-lmtt9!
[79]
Missing character: There is no 生 ("751F) in font ec-lmtt9!
Missing character: There is no 成 ("6210) in font ec-lmtt9!
Missing character: There is no 地 ("5730) in font ec-lmtt9!
Missing character: There is no 图 ("56FE) in font ec-lmtt9!
Missing character: There is no 默 ("9ED8) in font ec-lmtt9!
Missing character: There is no 认 ("8BA4) in font ec-lmtt9!
Missing character: There is no 灰 ("7070) in font ec-lmtt9!
Missing character: There is no 色 ("8272) in font ec-lmtt9!
Missing character: There is no 界 ("754C) in font ec-lmtt9!
Missing character: There is no 面 ("9762) in font ec-lmtt9!
[80]
Missing character: There is no 创 ("521B) in font ec-lmtt9!
Missing character: There is no 建 ("5EFA) in font ec-lmtt9!
Missing character: There is no 字 ("5B57) in font ec-lmtt9!
Missing character: There is no 体 ("4F53) in font ec-lmtt9!
Missing character: There is no 字 ("5B57) in font ec-lmtt9!
Missing character: There is no 体 ("4F53) in font ec-lmtt9!
Missing character: There is no 代 ("4EE3) in font ec-lmtt9!
Missing character: There is no 码 ("7801) in font ec-lmtt9!
Missing character: There is no 风 ("98CE) in font ec-lmtt9!
Missing character: There is no 格 ("683C) in font ec-lmtt9!
Missing character: There is no 的 ("7684) in font ec-lmtt9!
Missing character: There is no 文 ("6587) in font ec-lmtt9!
Missing character: There is no 本 ("672C) in font ec-lmtt9!
Missing character: There is no 创 ("521B) in font ec-lmtt9!
Missing character: There is no 建 ("5EFA) in font ec-lmtt9!
Missing character: There is no 中 ("4E2D) in font ec-lmtt9!
Missing character: There is no 央 ("592E) in font ec-lmtt9!
Missing character: There is no 小 ("5C0F) in font ec-lmtt9!
Missing character: There is no 部 ("90E8) in font ec-lmtt9!
Missing character: There is no 件 ("4EF6) in font ec-lmtt9!
Missing character: There is no 布 ("5E03) in font ec-lmtt9!
Missing character: There is no 局 ("5C40) in font ec-lmtt9!
Missing character: There is no 左 ("5DE6) in font ec-lmtt9!
Missing character: There is no 侧 ("4FA7) in font ec-lmtt9!
Missing character: There is no 调 ("8C03) in font ec-lmtt9!
Missing character: There is no 度 ("5EA6) in font ec-lmtt9!
Missing character: There is no 系 ("7CFB) in font ec-lmtt9!
Missing character: There is no 统 ("7EDF) in font ec-lmtt9!
Missing character: There is no ✅ ("2705) in font ec-lmtt9!
Missing character: There is no 先 ("5148) in font ec-lmtt9!
Missing character: There is no 创 ("521B) in font ec-lmtt9!
Missing character: There is no 建 ("5EFA) in font ec-lmtt9!
Missing character: There is no ， ("FF0C) in font ec-lmtt9!
Missing character: There is no 再 ("518D) in font ec-lmtt9!
Missing character: There is no 设 ("8BBE) in font ec-lmtt9!
Missing character: There is no 置 ("7F6E) in font ec-lmtt9!
Missing character: There is no 字 ("5B57) in font ec-lmtt9!
Missing character: There is no 体 ("4F53) in font ec-lmtt9!
Missing character: There is no 请 ("8BF7) in font ec-lmtt9!
Missing character: There is no 输 ("8F93) in font ec-lmtt9!
Missing character: There is no 入 ("5165) in font ec-lmtt9!
Missing character: There is no 目 ("76EE) in font ec-lmtt9!
Missing character: There is no 标 ("6807) in font ec-lmtt9!
Missing character: There is no 如 ("5982) in font ec-lmtt9!
Missing character: There is no ✅ ("2705) in font ec-lmtt9!
Missing character: There is no 设 ("8BBE) in font ec-lmtt9!
Missing character: There is no 置 ("7F6E) in font ec-lmtt9!
Missing character: There is no 字 ("5B57) in font ec-lmtt9!
Missing character: There is no 体 ("4F53) in font ec-lmtt9!
Missing character: There is no 大 ("5927) in font ec-lmtt9!
Missing character: There is no 小 ("5C0F) in font ec-lmtt9!
Missing character: There is no ✅ ("2705) in font ec-lmtt9!
Missing character: There is no 先 ("5148) in font ec-lmtt9!
Missing character: There is no 创 ("521B) in font ec-lmtt9!
Missing character: There is no 建 ("5EFA) in font ec-lmtt9!
Missing character: There is no ， ("FF0C) in font ec-lmtt9!
Missing character: There is no 再 ("518D) in font ec-lmtt9!
Missing character: There is no 设 ("8BBE) in font ec-lmtt9!
Missing character: There is no 置 ("7F6E) in font ec-lmtt9!
Missing character: There is no 字 ("5B57) in font ec-lmtt9!
Missing character: There is no 体 ("4F53) in font ec-lmtt9!
Missing character: There is no � ("FFFD) in font ec-lmtt9!
Missing character: There is no � ("FFFD) in font ec-lmtt9!
Missing character: There is no 继 ("7EE7) in font ec-lmtt9!
Missing character: There is no 续 ("7EED) in font ec-lmtt9!
Missing character: There is no ✅ ("2705) in font ec-lmtt9!
Missing character: There is no 设 ("8BBE) in font ec-lmtt9!
Missing character: There is no 置 ("7F6E) in font ec-lmtt9!
Missing character: There is no 按 ("6309) in font ec-lmtt9!
Missing character: There is no 钮 ("94AE) in font ec-lmtt9!
Missing character: There is no 字 ("5B57) in font ec-lmtt9!
Missing character: There is no 体 ("4F53) in font ec-lmtt9!
Missing character: There is no 大 ("5927) in font ec-lmtt9!
Missing character: There is no 小 ("5C0F) in font ec-lmtt9!
Missing character: There is no ✅ ("2705) in font ec-lmtt9!
Missing character: There is no 先 ("5148) in font ec-lmtt9!
Missing character: There is no 创 ("521B) in font ec-lmtt9!
Missing character: There is no 建 ("5EFA) in font ec-lmtt9!
Missing character: There is no ， ("FF0C) in font ec-lmtt9!
Missing character: There is no 再 ("518D) in font ec-lmtt9!
Missing character: There is no 设 ("8BBE) in font ec-lmtt9!
Missing character: There is no 置 ("7F6E) in font ec-lmtt9!
Missing character: There is no 字 ("5B57) in font ec-lmtt9!
Missing character: There is no 体 ("4F53) in font ec-lmtt9!
Missing character: There is no ✅ ("2705) in font ec-lmtt9!
Missing character: There is no 代 ("4EE3) in font ec-lmtt9!
Missing character: There is no 码 ("7801) in font ec-lmtt9!
Missing character: There is no 风 ("98CE) in font ec-lmtt9!
Missing character: There is no 格 ("683C) in font ec-lmtt9!
Missing character: There is no 的 ("7684) in font ec-lmtt9!
Missing character: There is no 字 ("5B57) in font ec-lmtt9!
Missing character: There is no 体 ("4F53) in font ec-lmtt9!
Missing character: There is no 右 ("53F3) in font ec-lmtt9!
Missing character: There is no 侧 ("4FA7) in font ec-lmtt9!
Missing character: There is no 地 ("5730) in font ec-lmtt9!
Missing character: There is no 图 ("56FE) in font ec-lmtt9!
Missing character: There is no 添 ("6DFB) in font ec-lmtt9!
Missing character: There is no 加 ("52A0) in font ec-lmtt9!
Missing character: There is no 到 ("5230) in font ec-lmtt9!
Missing character: There is no 布 ("5E03) in font ec-lmtt9!
Missing character: There is no 局 ("5C40) in font ec-lmtt9!
Missing character: There is no 左 ("5DE6) in font ec-lmtt9!
Missing character: There is no 侧 ("4FA7) in font ec-lmtt9!
Missing character: There is no 占 ("5360) in font ec-lmtt9!
Missing character: There is no 右 ("53F3) in font ec-lmtt9!
Missing character: There is no 侧 ("4FA7) in font ec-lmtt9!
Missing character: There is no 占 ("5360) in font ec-lmtt9!
[81]
Missing character: There is no ❌ ("274C) in font ec-lmtt9!
Missing character: There is no 请 ("8BF7) in font ec-lmtt9!
Missing character: There is no 输 ("8F93) in font ec-lmtt9!
Missing character: There is no 入 ("5165) in font ec-lmtt9!
Missing character: There is no 有 ("6709) in font ec-lmtt9!
Missing character: There is no 效 ("6548) in font ec-lmtt9!
Missing character: There is no 的 ("7684) in font ec-lmtt9!
Missing character: There is no ！ ("FF01) in font ec-lmtt9!
Missing character: There is no ❌ ("274C) in font ec-lmtt9!
Missing character: There is no 未 ("672A) in font ec-lmtt9!
Missing character: There is no 找 ("627E) in font ec-lmtt9!
Missing character: There is no 到 ("5230) in font ec-lmtt9!
Missing character: There is no 对 ("5BF9) in font ec-lmtt9!
Missing character: There is no 应 ("5E94) in font ec-lmtt9!
Missing character: There is no 的 ("7684) in font ec-lmtt9!
Missing character: There is no 名 ("540D) in font ec-lmtt9!
Missing character: There is no 称 ("79F0) in font ec-lmtt9!
Missing character: There is no ！ ("FF01) in font ec-lmtt9!
Missing character: There is no ⚠ ("26A0) in font ec-lmtt9!
Missing character: There is no ️ ("FE0F) in font ec-lmtt9!
Missing character: There is no 未 ("672A) in font ec-lmtt9!
Missing character: There is no 找 ("627E) in font ec-lmtt9!
Missing character: There is no 到 ("5230) in font ec-lmtt9!
Missing character: There is no 对 ("5BF9) in font ec-lmtt9!
Missing character: There is no 应 ("5E94) in font ec-lmtt9!
Missing character: There is no 索 ("7D22) in font ec-lmtt9!
Missing character: There is no 引 ("5F15) in font ec-lmtt9!
Missing character: There is no ！ ("FF01) in font ec-lmtt9!
Missing character: There is no � ("FFFD) in font ec-lmtt9!
Missing character: There is no � ("FFFD) in font ec-lmtt9!
Missing character: There is no 目 ("76EE) in font ec-lmtt9!
Missing character: There is no 标 ("6807) in font ec-lmtt9!
Missing character: There is no 区 ("533A) in font ec-lmtt9!
Missing character: There is no 域 ("57DF) in font ec-lmtt9!
Missing character: There is no 对 ("5BF9) in font ec-lmtt9!
Missing character: There is no 应 ("5E94) in font ec-lmtt9!
Missing character: There is no 索 ("7D22) in font ec-lmtt9!
Missing character: There is no 引 ("5F15) in font ec-lmtt9!
Missing character: There is no 计 ("8BA1) in font ec-lmtt9!
Missing character: There is no 算 ("7B97) in font ec-lmtt9!
Missing character: There is no 目 ("76EE) in font ec-lmtt9!
Missing character: There is no 标 ("6807) in font ec-lmtt9!
Missing character: There is no 区 ("533A) in font ec-lmtt9!
Missing character: There is no 域 ("57DF) in font ec-lmtt9!
Missing character: There is no 的 ("7684) in font ec-lmtt9!
Missing character: There is no 缺 ("7F3A) in font ec-lmtt9!
Missing character: There is no 口 ("53E3) in font ec-lmtt9!
Missing character: There is no � ("FFFD) in font ec-lmtt9!
Missing character: There is no � ("FFFD) in font ec-lmtt9!
Missing character: There is no 当 ("5F53) in font ec-lmtt9!
Missing character: There is no 前 ("524D) in font ec-lmtt9!
Missing character: There is no 区 ("533A) in font ec-lmtt9!
Missing character: There is no 域 ("57DF) in font ec-lmtt9!
Missing character: There is no 出 ("51FA) in font ec-lmtt9!
Missing character: There is no 租 ("79DF) in font ec-lmtt9!
Missing character: There is no 车 ("8F66) in font ec-lmtt9!
Missing character: There is no 缺 ("7F3A) in font ec-lmtt9!
Missing character: There is no 口 ("53E3) in font ec-lmtt9!
Missing character: There is no 当 ("5F53) in font ec-lmtt9!
Missing character: There is no 目 ("76EE) in font ec-lmtt9!
Missing character: There is no 标 ("6807) in font ec-lmtt9!
Missing character: There is no 区 ("533A) in font ec-lmtt9!
Missing character: There is no 域 ("57DF) in font ec-lmtt9!
Missing character: There is no 存 ("5B58) in font ec-lmtt9!
Missing character: There is no 在 ("5728) in font ec-lmtt9!
Missing character: There is no 缺 ("7F3A) in font ec-lmtt9!
Missing character: There is no 口 ("53E3) in font ec-lmtt9!
Missing character: There is no 时 ("65F6) in font ec-lmtt9!
Missing character: There is no ， ("FF0C) in font ec-lmtt9!
Missing character: There is no 优 ("4F18) in font ec-lmtt9!
Missing character: There is no 先 ("5148) in font ec-lmtt9!
Missing character: There is no 调 ("8C03) in font ec-lmtt9!
Missing character: There is no 配 ("914D) in font ec-lmtt9!
Missing character: There is no 至 ("81F3) in font ec-lmtt9!
Missing character: There is no 当 ("5F53) in font ec-lmtt9!
Missing character: There is no 前 ("524D) in font ec-lmtt9!
Missing character: There is no 区 ("533A) in font ec-lmtt9!
Missing character: There is no 域 ("57DF) in font ec-lmtt9!
Missing character: There is no ✅ ("2705) in font ec-lmtt9!
Missing character: There is no 目 ("76EE) in font ec-lmtt9!
Missing character: There is no 标 ("6807) in font ec-lmtt9!
Missing character: There is no 区 ("533A) in font ec-lmtt9!
Missing character: There is no 域 ("57DF) in font ec-lmtt9!
Missing character: There is no 存 ("5B58) in font ec-lmtt9!
Missing character: There is no 在 ("5728) in font ec-lmtt9!
Missing character: There is no 缺 ("7F3A) in font ec-lmtt9!
Missing character: There is no 口 ("53E3) in font ec-lmtt9!
Missing character: There is no ， ("FF0C) in font ec-lmtt9!
Missing character: There is no 优 ("4F18) in font ec-lmtt9!
Missing character: There is no 先 ("5148) in font ec-lmtt9!
Missing character: There is no 调 ("8C03) in font ec-lmtt9!
Missing character: There is no 配 ("914D) in font ec-lmtt9!
Missing character: There is no 至 ("81F3) in font ec-lmtt9!
Missing character: There is no 当 ("5F53) in font ec-lmtt9!
Missing character: There is no 前 ("524D) in font ec-lmtt9!
Missing character: There is no 区 ("533A) in font ec-lmtt9!
Missing character: There is no 域 ("57DF) in font ec-lmtt9!
Missing character: There is no 。 ("3002) in font ec-lmtt9!
Missing character: There is no 当 ("5F53) in font ec-lmtt9!
Missing character: There is no 前 ("524D) in font ec-lmtt9!
Missing character: There is no 区 ("533A) in font ec-lmtt9!
Missing character: There is no 域 ("57DF) in font ec-lmtt9!
Missing character: There is no 充 ("5145) in font ec-lmtt9!
Missing character: There is no 足 ("8DB3) in font ec-lmtt9!
Missing character: There is no ， ("FF0C) in font ec-lmtt9!
Missing character: There is no 采 ("91C7) in font ec-lmtt9!
Missing character: There is no 用 ("7528) in font ec-lmtt9!
Missing character: There is no 逐 ("9010) in font ec-lmtt9!
Missing character: There is no 步 ("6B65) in font ec-lmtt9!
Missing character: There is no 扩 ("6269) in font ec-lmtt9!
Missing character: There is no 展 ("5C55) in font ec-lmtt9!
Missing character: There is no 搜 ("641C) in font ec-lmtt9!
Missing character: There is no 索 ("7D22) in font ec-lmtt9!
Missing character: There is no 范 ("8303) in font ec-lmtt9!
Missing character: There is no 围 ("56F4) in font ec-lmtt9!
Missing character: There is no 节 ("8282) in font ec-lmtt9!
Missing character: There is no 点 ("70B9) in font ec-lmtt9!
Missing character: There is no 索 ("7D22) in font ec-lmtt9!
Missing character: There is no 引 ("5F15) in font ec-lmtt9!
Missing character: There is no 搜 ("641C) in font ec-lmtt9!
Missing character: There is no 索 ("7D22) in font ec-lmtt9!
Missing character: There is no 层 ("5C42) in font ec-lmtt9!
Missing character: There is no 级 ("7EA7) in font ec-lmtt9!
Missing character: There is no 用 ("7528) in font ec-lmtt9!
Missing character: There is no 来 ("6765) in font ec-lmtt9!
Missing character: There is no 存 ("5B58) in font ec-lmtt9!
Missing character: There is no 储 ("50A8) in font ec-lmtt9!
Missing character: There is no 当 ("5F53) in font ec-lmtt9!
Missing character: There is no 前 ("524D) in font ec-lmtt9!
Missing character: There is no 搜 ("641C) in font ec-lmtt9!
Missing character: There is no 索 ("7D22) in font ec-lmtt9!
Missing character: There is no 层 ("5C42) in font ec-lmtt9!
Missing character: There is no 级 ("7EA7) in font ec-lmtt9!
Missing character: There is no 中 ("4E2D) in font ec-lmtt9!
Missing character: There is no 所 ("6240) in font ec-lmtt9!
Missing character: There is no 有 ("6709) in font ec-lmtt9!
Missing character: There is no 存 ("5B58) in font ec-lmtt9!
Missing character: There is no 在 ("5728) in font ec-lmtt9!
Missing character: There is no 缺 ("7F3A) in font ec-lmtt9!
Missing character: There is no 口 ("53E3) in font ec-lmtt9!
Missing character: There is no 的 ("7684) in font ec-lmtt9!
Missing character: There is no 候 ("5019) in font ec-lmtt9!
Missing character: There is no 选 ("9009) in font ec-lmtt9!
Missing character: There is no 区 ("533A) in font ec-lmtt9!
Missing character: There is no 域 ("57DF) in font ec-lmtt9!
Missing character: There is no 搜 ("641C) in font ec-lmtt9!
Missing character: There is no 索 ("7D22) in font ec-lmtt9!
Missing character: There is no ， ("FF0C) in font ec-lmtt9!
Missing character: There is no 逐 ("9010) in font ec-lmtt9!
Missing character: There is no 层 ("5C42) in font ec-lmtt9!
Missing character: There is no 扩 ("6269) in font ec-lmtt9!
Missing character: There is no 展 ("5C55) in font ec-lmtt9!
Missing character: There is no 只 ("53EA) in font ec-lmtt9!
Missing character: There is no 检 ("68C0) in font ec-lmtt9!
Missing character: There is no 查 ("67E5) in font ec-lmtt9!
Missing character: There is no 非 ("975E) in font ec-lmtt9!
Missing character: There is no 起 ("8D77) in font ec-lmtt9!
Missing character: There is no 始 ("59CB) in font ec-lmtt9!
Missing character: There is no 节 ("8282) in font ec-lmtt9!
Missing character: There is no 点 ("70B9) in font ec-lmtt9!
Missing character: There is no （ ("FF08) in font ec-lmtt9!
Missing character: There is no 即 ("5373) in font ec-lmtt9!
Missing character: There is no 邻 ("90BB) in font ec-lmtt9!
Missing character: There is no 居 ("5C45) in font ec-lmtt9!
Missing character: There is no 及 ("53CA) in font ec-lmtt9!
Missing character: There is no 更 ("66F4) in font ec-lmtt9!
Missing character: There is no 远 ("8FDC) in font ec-lmtt9!
Missing character: There is no 区 ("533A) in font ec-lmtt9!
Missing character: There is no 域 ("57DF) in font ec-lmtt9!
Missing character: There is no ） ("FF09) in font ec-lmtt9!
[82]
Missing character: There is no 记 ("8BB0) in font ec-lmtt9!
Missing character: There is no 录 ("5F55) in font ec-lmtt9!
Missing character: There is no 当 ("5F53) in font ec-lmtt9!
Missing character: There is no 前 ("524D) in font ec-lmtt9!
Missing character: There is no 层 ("5C42) in font ec-lmtt9!
Missing character: There is no 级 ("7EA7) in font ec-lmtt9!
Missing character: There is no 候 ("5019) in font ec-lmtt9!
Missing character: There is no 选 ("9009) in font ec-lmtt9!
Missing character: There is no 区 ("533A) in font ec-lmtt9!
Missing character: There is no 域 ("57DF) in font ec-lmtt9!
Missing character: There is no 扩 ("6269) in font ec-lmtt9!
Missing character: There is no 展 ("5C55) in font ec-lmtt9!
Missing character: There is no 当 ("5F53) in font ec-lmtt9!
Missing character: There is no 前 ("524D) in font ec-lmtt9!
Missing character: There is no 节 ("8282) in font ec-lmtt9!
Missing character: There is no 点 ("70B9) in font ec-lmtt9!
Missing character: There is no 的 ("7684) in font ec-lmtt9!
Missing character: There is no 邻 ("90BB) in font ec-lmtt9!
Missing character: There is no 居 ("5C45) in font ec-lmtt9!
Missing character: There is no 如 ("5982) in font ec-lmtt9!
Missing character: There is no 果 ("679C) in font ec-lmtt9!
Missing character: There is no 队 ("961F) in font ec-lmtt9!
Missing character: There is no 列 ("5217) in font ec-lmtt9!
Missing character: There is no 中 ("4E2D) in font ec-lmtt9!
Missing character: There is no 下 ("4E0B) in font ec-lmtt9!
Missing character: There is no 一 ("4E00) in font ec-lmtt9!
Missing character: There is no 个 ("4E2A) in font ec-lmtt9!
Missing character: There is no 节 ("8282) in font ec-lmtt9!
Missing character: There is no 点 ("70B9) in font ec-lmtt9!
Missing character: There is no 的 ("7684) in font ec-lmtt9!
Missing character: There is no 层 ("5C42) in font ec-lmtt9!
Missing character: There is no 级 ("7EA7) in font ec-lmtt9!
Missing character: There is no 大 ("5927) in font ec-lmtt9!
Missing character: There is no 于 ("4E8E) in font ec-lmtt9!
Missing character: There is no 当 ("5F53) in font ec-lmtt9!
Missing character: There is no 前 ("524D) in font ec-lmtt9!
Missing character: There is no 层 ("5C42) in font ec-lmtt9!
Missing character: There is no 且 ("4E14) in font ec-lmtt9!
Missing character: There is no 已 ("5DF2) in font ec-lmtt9!
Missing character: There is no 找 ("627E) in font ec-lmtt9!
Missing character: There is no 到 ("5230) in font ec-lmtt9!
Missing character: There is no 候 ("5019) in font ec-lmtt9!
Missing character: There is no 选 ("9009) in font ec-lmtt9!
Missing character: There is no 区 ("533A) in font ec-lmtt9!
Missing character: There is no 域 ("57DF) in font ec-lmtt9!
Missing character: There is no ， ("FF0C) in font ec-lmtt9!
Missing character: There is no 则 ("5219) in font ec-lmtt9!
Missing character: There is no 退 ("9000) in font ec-lmtt9!
Missing character: There is no 出 ("51FA) in font ec-lmtt9!
Missing character: There is no 循 ("5FAA) in font ec-lmtt9!
Missing character: There is no 环 ("73AF) in font ec-lmtt9!
Missing character: There is no 利 ("5229) in font ec-lmtt9!
Missing character: There is no 用 ("7528) in font ec-lmtt9!
Missing character: There is no 反 ("53CD) in font ec-lmtt9!
Missing character: There is no 转 ("8F6C) in font ec-lmtt9!
Missing character: There is no 映 ("6620) in font ec-lmtt9!
Missing character: There is no 射 ("5C04) in font ec-lmtt9!
Missing character: There is no 获 ("83B7) in font ec-lmtt9!
Missing character: There is no 得 ("5F97) in font ec-lmtt9!
Missing character: There is no 推 ("63A8) in font ec-lmtt9!
Missing character: There is no 荐 ("8350) in font ec-lmtt9!
Missing character: There is no 区 ("533A) in font ec-lmtt9!
Missing character: There is no 域 ("57DF) in font ec-lmtt9!
Missing character: There is no 的 ("7684) in font ec-lmtt9!
Missing character: There is no 未 ("672A) in font ec-lmtt9!
Missing character: There is no 知 ("77E5) in font ec-lmtt9!
Missing character: There is no � ("FFFD) in font ec-lmtt9!
Missing character: There is no � ("FFFD) in font ec-lmtt9!
Missing character: There is no 推 ("63A8) in font ec-lmtt9!
Missing character: There is no 荐 ("8350) in font ec-lmtt9!
Missing character: There is no 调 ("8C03) in font ec-lmtt9!
Missing character: There is no 派 ("6D3E) in font ec-lmtt9!
Missing character: There is no 至 ("81F3) in font ec-lmtt9!
Missing character: There is no 邻 ("90BB) in font ec-lmtt9!
Missing character: There is no 近 ("8FD1) in font ec-lmtt9!
Missing character: There is no 区 ("533A) in font ec-lmtt9!
Missing character: There is no 域 ("57DF) in font ec-lmtt9!
Missing character: There is no 索 ("7D22) in font ec-lmtt9!
Missing character: There is no 引 ("5F15) in font ec-lmtt9!
Missing character: There is no ， ("FF0C) in font ec-lmtt9!
Missing character: There is no 缺 ("7F3A) in font ec-lmtt9!
Missing character: There is no 口 ("53E3) in font ec-lmtt9!
[83]
Missing character: There is no ⚠ ("26A0) in font ec-lmtt9!
Missing character: There is no ️ ("FE0F) in font ec-lmtt9!
Missing character: There is no 在 ("5728) in font ec-lmtt9!
Missing character: There is no 邻 ("90BB) in font ec-lmtt9!
Missing character: There is no 近 ("8FD1) in font ec-lmtt9!
Missing character: There is no 区 ("533A) in font ec-lmtt9!
Missing character: There is no 域 ("57DF) in font ec-lmtt9!
Missing character: There is no 及 ("53CA) in font ec-lmtt9!
Missing character: There is no 扩 ("6269) in font ec-lmtt9!
Missing character: There is no 展 ("5C55) in font ec-lmtt9!
Missing character: There is no 搜 ("641C) in font ec-lmtt9!
Missing character: There is no 索 ("7D22) in font ec-lmtt9!
Missing character: There is no 范 ("8303) in font ec-lmtt9!
Missing character: There is no 围 ("56F4) in font ec-lmtt9!
Missing character: There is no 内 ("5185) in font ec-lmtt9!
Missing character: There is no 均 ("5747) in font ec-lmtt9!
Missing character: There is no 未 ("672A) in font ec-lmtt9!
Missing character: There is no 找 ("627E) in font ec-lmtt9!
Missing character: There is no 到 ("5230) in font ec-lmtt9!
Missing character: There is no 存 ("5B58) in font ec-lmtt9!
Missing character: There is no 在 ("5728) in font ec-lmtt9!
Missing character: There is no 缺 ("7F3A) in font ec-lmtt9!
Missing character: There is no 口 ("53E3) in font ec-lmtt9!
Missing character: There is no 的 ("7684) in font ec-lmtt9!
Missing character: There is no 区 ("533A) in font ec-lmtt9!
Missing character: There is no 域 ("57DF) in font ec-lmtt9!
Missing character: There is no 。 ("3002) in font ec-lmtt9!
Missing character: There is no ⚠ ("26A0) in font ec-lmtt9!
Missing character: There is no ️ ("FE0F) in font ec-lmtt9!
Missing character: There is no 目 ("76EE) in font ec-lmtt9!
Missing character: There is no 标 ("6807) in font ec-lmtt9!
Missing character: There is no 区 ("533A) in font ec-lmtt9!
Missing character: There is no 域 ("57DF) in font ec-lmtt9!
Missing character: There is no 数 ("6570) in font ec-lmtt9!
Missing character: There is no 据 ("636E) in font ec-lmtt9!
Missing character: There is no 缺 ("7F3A) in font ec-lmtt9!
Missing character: There is no 失 ("5931) in font ec-lmtt9!
Missing character: There is no 。 ("3002) in font ec-lmtt9!
Missing character: There is no � ("FFFD) in font ec-lmtt9!
Missing character: There is no � ("FFFD) in font ec-lmtt9!
Missing character: There is no 里 ("91CC) in font ec-lmtt9!
Missing character: There is no 的 ("7684) in font ec-lmtt9!
Missing character: There is no 区 ("533A) in font ec-lmtt9!
Missing character: There is no 域 ("57DF) in font ec-lmtt9!
Missing character: There is no 数 ("6570) in font ec-lmtt9!
Missing character: There is no 量 ("91CF) in font ec-lmtt9!
Missing character: There is no � ("FFFD) in font ec-lmtt9!
Missing character: There is no � ("FFFD) in font ec-lmtt9!
Missing character: There is no 里 ("91CC) in font ec-lmtt9!
Missing character: There is no 的 ("7684) in font ec-lmtt9!
Missing character: There is no 区 ("533A) in font ec-lmtt9!
Missing character: There is no 域 ("57DF) in font ec-lmtt9!
Missing character: There is no 数 ("6570) in font ec-lmtt9!
Missing character: There is no 量 ("91CF) in font ec-lmtt9!
Missing character: There is no � ("FFFD) in font ec-lmtt9!
Missing character: There is no � ("FFFD) in font ec-lmtt9!
Missing character: There is no 预 ("9884) in font ec-lmtt9!
Missing character: There is no 测 ("6D4B) in font ec-lmtt9!
Missing character: There is no 数 ("6570) in font ec-lmtt9!
Missing character: There is no 据 ("636E) in font ec-lmtt9!
Missing character: There is no 里 ("91CC) in font ec-lmtt9!
Missing character: There is no 的 ("7684) in font ec-lmtt9!
Missing character: There is no 区 ("533A) in font ec-lmtt9!
Missing character: There is no 域 ("57DF) in font ec-lmtt9!
Missing character: There is no 数 ("6570) in font ec-lmtt9!
Missing character: There is no 量 ("91CF) in font ec-lmtt9!
Missing character: There is no 找 ("627E) in font ec-lmtt9!
Missing character: There is no 出 ("51FA) in font ec-lmtt9!
Missing character: There is no 不 ("4E0D) in font ec-lmtt9!
Missing character: There is no 匹 ("5339) in font ec-lmtt9!
Missing character: There is no 配 ("914D) in font ec-lmtt9!
Missing character: There is no 的 ("7684) in font ec-lmtt9!
Missing character: There is no 区 ("533A) in font ec-lmtt9!
Missing character: There is no 域 ("57DF) in font ec-lmtt9!
[84] (./main.aux)
 ***********
LaTeX2e <2025-11-01>
L3 programming layer <2026-03-20>
 ***********


LaTeX Warning: There were undefined references.


LaTeX Warning: There were multiply-defined labels.

 ) 
Here is how much of TeX's memory you used:
 5721 strings out of 467992
 80129 string characters out of 5433178
 952447 words of memory out of 5000000
 34565 multiletter control sequences out of 15000+600000
 673226 words of font info for 85 fonts, out of 8000000 for 9000
 1348 hyphenation exceptions out of 8191
 57i,8n,65p,1487b,1626s stack positions out of 10000i,1000n,20000p,200000b,200000s

Output written on main.pdf (84 pages).
